io=io_uring_batch_direct_s=90_pr=1_b=unbuffered_c=uncached_w=0_pc=10r=1.txt
umounting /mnt/nvme/nvme0
Trimming /dev/nvme0n1
mke2fs 1.45.5 (07-Jan-2020)
Creating filesystem with 97677846 4k blocks and 24420352 inodes
Filesystem UUID: 4d432fff-b032-474a-bbf5-731f3353848c
Superblock backups stored on blocks: 
	32768, 98304, 163840, 229376, 294912, 819200, 884736, 1605632, 2654208, 
	4096000, 7962624, 11239424, 20480000, 23887872, 71663616, 78675968

Allocating group tables:    0/2981         done                            
Writing inode tables:    0/29811554/2981         done                            
Creating journal (262144 blocks): done
Writing superblocks and filesystem accounting information:    0/2981         done

Copying  /mnt/ddi/file.dat to /mnt/nvme/nvme0/testfiles/file.dat
Finished copying
Sync'd
Cache dropped
removing /mnt/nvme/nvme0/ioutest/*
Test pid is 365431
wr
wr
wr <<
wr <<
Written
Written
syncd
syncd
FDBD joined cluster.
FDBD joined cluster.
orch pid 367452
Test received trigger for setup...
AsyncFileRead complete
asyncfile.sh: line 56: kill: (367452) - No such process

real	1m31.365s
user	0m1.114s
sys	0m0.725s
asyncfile.sh: line 180: 365429 Killed                  LD_LIBRARY_PATH=${LIB} taskset -c ${CORE} ${FDBSERVER} -C ${CLS} -p auto:${port} --listen_address public ${uring} --datadir=${data_dir}/${port} --logdir=${data_dir}/${port}
asyncfile.sh: line 180: 365431 Killed                  LD_LIBRARY_PATH=${LIB} taskset -c ${CORE} ${FDBSERVER} -C ${CLS} -c test -p auto:${port} --listen_address public ${uring} --datadir=${data_dir}/${port} --logdir=${data_dir}/${port}
asyncfile.sh: line 180: 367449 Killed                  iostat -x 1 -p ${DEV} > ${RESULTS}/iostat_$out
io=io_uring_batch_s=90_pr=1_b=unbuffered_c=uncached_w=0_pc=10r=1.txt
umounting /mnt/nvme/nvme0
Trimming /dev/nvme0n1
mke2fs 1.45.5 (07-Jan-2020)
Creating filesystem with 97677846 4k blocks and 24420352 inodes
Filesystem UUID: 4c88d058-b0a4-4217-8445-1e1136066f1f
Superblock backups stored on blocks: 
	32768, 98304, 163840, 229376, 294912, 819200, 884736, 1605632, 2654208, 
	4096000, 7962624, 11239424, 20480000, 23887872, 71663616, 78675968

Allocating group tables:    0/2981         done                            
Writing inode tables:    0/2981 995/2981         done                            
Creating journal (262144 blocks): done
Writing superblocks and filesystem accounting information:    0/2981         done

Copying  /mnt/ddi/file.dat to /mnt/nvme/nvme0/testfiles/file.dat
Finished copying
Sync'd
Cache dropped
removing /mnt/nvme/nvme0/ioutest/*
Test pid is 368044
wr
wr
wr <<
wr <<
Written
Written
syncd
syncd
FDBD joined cluster.
FDBD joined cluster.
orch pid 370059
Test received trigger for setup...
AsyncFileRead complete
asyncfile.sh: line 56: kill: (370059) - No such process

real	1m31.382s
user	0m1.131s
sys	0m0.725s
asyncfile.sh: line 180: 368042 Killed                  LD_LIBRARY_PATH=${LIB} taskset -c ${CORE} ${FDBSERVER} -C ${CLS} -p auto:${port} --listen_address public ${uring} --datadir=${data_dir}/${port} --logdir=${data_dir}/${port}
asyncfile.sh: line 180: 368044 Killed                  LD_LIBRARY_PATH=${LIB} taskset -c ${CORE} ${FDBSERVER} -C ${CLS} -c test -p auto:${port} --listen_address public ${uring} --datadir=${data_dir}/${port} --logdir=${data_dir}/${port}
asyncfile.sh: line 180: 370056 Killed                  iostat -x 1 -p ${DEV} > ${RESULTS}/iostat_$out
io=kaio_s=90_pr=1_b=unbuffered_c=uncached_w=0_pc=10r=1.txt
umounting /mnt/nvme/nvme0
Trimming /dev/nvme0n1
mke2fs 1.45.5 (07-Jan-2020)
Creating filesystem with 97677846 4k blocks and 24420352 inodes
Filesystem UUID: 9c576927-7ef2-4183-940d-483e9ca1b530
Superblock backups stored on blocks: 
	32768, 98304, 163840, 229376, 294912, 819200, 884736, 1605632, 2654208, 
	4096000, 7962624, 11239424, 20480000, 23887872, 71663616, 78675968

Allocating group tables:    0/2981         done                            
Writing inode tables:    0/29811289/2981         done                            
Creating journal (262144 blocks): done
Writing superblocks and filesystem accounting information:    0/2981         done

KAIO
Copying  /mnt/ddi/file.dat to /mnt/nvme/nvme0/testfiles/file.dat
Finished copying
Sync'd
Cache dropped
removing /mnt/nvme/nvme0/ioutest/*
Test pid is 370971
wr
wr
wr <<
wr <<
Written
Written
syncd
syncd
FDBD joined cluster.
FDBD joined cluster.
orch pid 373073
Test received trigger for setup...
AsyncFileRead complete
asyncfile.sh: line 56: kill: (373073) - No such process

real	1m30.567s
user	0m1.117s
sys	0m0.722s
asyncfile.sh: line 180: 370968 Killed                  LD_LIBRARY_PATH=${LIB} taskset -c ${CORE} ${FDBSERVER} -C ${CLS} -p auto:${port} --listen_address public ${uring} --datadir=${data_dir}/${port} --logdir=${data_dir}/${port}
asyncfile.sh: line 180: 370971 Killed                  LD_LIBRARY_PATH=${LIB} taskset -c ${CORE} ${FDBSERVER} -C ${CLS} -c test -p auto:${port} --listen_address public ${uring} --datadir=${data_dir}/${port} --logdir=${data_dir}/${port}
asyncfile.sh: line 180: 373070 Killed                  iostat -x 1 -p ${DEV} > ${RESULTS}/iostat_$out
io=io_uring_batch_direct_s=90_pr=1_b=unbuffered_c=uncached_w=0.5_pc=10r=1.txt
umounting /mnt/nvme/nvme0
Trimming /dev/nvme0n1
mke2fs 1.45.5 (07-Jan-2020)
Creating filesystem with 97677846 4k blocks and 24420352 inodes
Filesystem UUID: e2791040-e182-4e7f-8516-98c2329578e2
Superblock backups stored on blocks: 
	32768, 98304, 163840, 229376, 294912, 819200, 884736, 1605632, 2654208, 
	4096000, 7962624, 11239424, 20480000, 23887872, 71663616, 78675968

Allocating group tables:    0/2981         done                            
Writing inode tables:    0/2981 270/2981         done                            
Creating journal (262144 blocks): done
Writing superblocks and filesystem accounting information:    0/2981         done

Copying  /mnt/ddi/file.dat to /mnt/nvme/nvme0/testfiles/file.dat
Finished copying
Sync'd
Cache dropped
removing /mnt/nvme/nvme0/ioutest/*
Test pid is 373695
wr
wr
wr <<
wr <<
Written
Written
syncd
syncd
FDBD joined cluster.
FDBD joined cluster.
orch pid 375715
Test received trigger for setup...
AsyncFileRead complete
asyncfile.sh: line 56: kill: (375715) - No such process

real	1m31.384s
user	0m1.178s
sys	0m0.763s
asyncfile.sh: line 180: 373693 Killed                  LD_LIBRARY_PATH=${LIB} taskset -c ${CORE} ${FDBSERVER} -C ${CLS} -p auto:${port} --listen_address public ${uring} --datadir=${data_dir}/${port} --logdir=${data_dir}/${port}
asyncfile.sh: line 180: 373695 Killed                  LD_LIBRARY_PATH=${LIB} taskset -c ${CORE} ${FDBSERVER} -C ${CLS} -c test -p auto:${port} --listen_address public ${uring} --datadir=${data_dir}/${port} --logdir=${data_dir}/${port}
asyncfile.sh: line 180: 375712 Killed                  iostat -x 1 -p ${DEV} > ${RESULTS}/iostat_$out
io=io_uring_batch_s=90_pr=1_b=unbuffered_c=uncached_w=0.5_pc=10r=1.txt
umounting /mnt/nvme/nvme0
Trimming /dev/nvme0n1
mke2fs 1.45.5 (07-Jan-2020)
Creating filesystem with 97677846 4k blocks and 24420352 inodes
Filesystem UUID: c426e707-4229-401f-9dc0-f65f96af7bf3
Superblock backups stored on blocks: 
	32768, 98304, 163840, 229376, 294912, 819200, 884736, 1605632, 2654208, 
	4096000, 7962624, 11239424, 20480000, 23887872, 71663616, 78675968

Allocating group tables:    0/2981         done                            
Writing inode tables:    0/2981         done                            
Creating journal (262144 blocks): done
Writing superblocks and filesystem accounting information:    0/2981         done

Copying  /mnt/ddi/file.dat to /mnt/nvme/nvme0/testfiles/file.dat
Finished copying
Sync'd
Cache dropped
removing /mnt/nvme/nvme0/ioutest/*
Test pid is 376299
wr
wr
wr <<
wr <<
Written
Written
syncd
syncd
FDBD joined cluster.
FDBD joined cluster.
orch pid 378314
Test received trigger for setup...
AsyncFileRead complete
asyncfile.sh: line 56: kill: (378314) - No such process

real	1m30.677s
user	0m1.089s
sys	0m0.835s
asyncfile.sh: line 180: 376297 Killed                  LD_LIBRARY_PATH=${LIB} taskset -c ${CORE} ${FDBSERVER} -C ${CLS} -p auto:${port} --listen_address public ${uring} --datadir=${data_dir}/${port} --logdir=${data_dir}/${port}
asyncfile.sh: line 180: 376299 Killed                  LD_LIBRARY_PATH=${LIB} taskset -c ${CORE} ${FDBSERVER} -C ${CLS} -c test -p auto:${port} --listen_address public ${uring} --datadir=${data_dir}/${port} --logdir=${data_dir}/${port}
asyncfile.sh: line 180: 378311 Killed                  iostat -x 1 -p ${DEV} > ${RESULTS}/iostat_$out
io=kaio_s=90_pr=1_b=unbuffered_c=uncached_w=0.5_pc=10r=1.txt
umounting /mnt/nvme/nvme0
Trimming /dev/nvme0n1
mke2fs 1.45.5 (07-Jan-2020)
Creating filesystem with 97677846 4k blocks and 24420352 inodes
Filesystem UUID: b4485753-c2a7-49e6-afb1-397cc1072bcc
Superblock backups stored on blocks: 
	32768, 98304, 163840, 229376, 294912, 819200, 884736, 1605632, 2654208, 
	4096000, 7962624, 11239424, 20480000, 23887872, 71663616, 78675968

Allocating group tables:    0/2981         done                            
Writing inode tables:    0/29812554/2981         done                            
Creating journal (262144 blocks): done
Writing superblocks and filesystem accounting information:    0/2981         done

KAIO
Copying  /mnt/ddi/file.dat to /mnt/nvme/nvme0/testfiles/file.dat
Finished copying
Sync'd
Cache dropped
removing /mnt/nvme/nvme0/ioutest/*
Test pid is 378790
wr
wr
wr <<
wr <<
Written
Written
syncd
syncd
FDBD joined cluster.
FDBD joined cluster.
orch pid 380808
Test received trigger for setup...
AsyncFileRead complete
asyncfile.sh: line 56: kill: (380808) - No such process

real	1m31.464s
user	0m1.173s
sys	0m0.772s
asyncfile.sh: line 180: 378788 Killed                  LD_LIBRARY_PATH=${LIB} taskset -c ${CORE} ${FDBSERVER} -C ${CLS} -p auto:${port} --listen_address public ${uring} --datadir=${data_dir}/${port} --logdir=${data_dir}/${port}
asyncfile.sh: line 180: 378790 Killed                  LD_LIBRARY_PATH=${LIB} taskset -c ${CORE} ${FDBSERVER} -C ${CLS} -c test -p auto:${port} --listen_address public ${uring} --datadir=${data_dir}/${port} --logdir=${data_dir}/${port}
asyncfile.sh: line 180: 380805 Killed                  iostat -x 1 -p ${DEV} > ${RESULTS}/iostat_$out
io=io_uring_batch_direct_s=90_pr=1_b=unbuffered_c=uncached_w=1_pc=10r=1.txt
umounting /mnt/nvme/nvme0
Trimming /dev/nvme0n1
mke2fs 1.45.5 (07-Jan-2020)
Creating filesystem with 97677846 4k blocks and 24420352 inodes
Filesystem UUID: 0d1fde52-cf81-4660-a115-607f34e7cec4
Superblock backups stored on blocks: 
	32768, 98304, 163840, 229376, 294912, 819200, 884736, 1605632, 2654208, 
	4096000, 7962624, 11239424, 20480000, 23887872, 71663616, 78675968

Allocating group tables:    0/2981         done                            
Writing inode tables:    0/29812510/2981         done                            
Creating journal (262144 blocks): done
Writing superblocks and filesystem accounting information:    0/2981         done

Copying  /mnt/ddi/file.dat to /mnt/nvme/nvme0/testfiles/file.dat
Finished copying
Sync'd
Cache dropped
removing /mnt/nvme/nvme0/ioutest/*
Test pid is 381383
wr
wr
wr <<
wr <<
Written
Written
syncd
syncd
FDBD joined cluster.
FDBD joined cluster.
orch pid 383400
Test received trigger for setup...
AsyncFileRead complete
asyncfile.sh: line 56: kill: (383400) - No such process

real	1m31.468s
user	0m1.147s
sys	0m0.822s
asyncfile.sh: line 180: 381381 Killed                  LD_LIBRARY_PATH=${LIB} taskset -c ${CORE} ${FDBSERVER} -C ${CLS} -p auto:${port} --listen_address public ${uring} --datadir=${data_dir}/${port} --logdir=${data_dir}/${port}
asyncfile.sh: line 180: 381383 Killed                  LD_LIBRARY_PATH=${LIB} taskset -c ${CORE} ${FDBSERVER} -C ${CLS} -c test -p auto:${port} --listen_address public ${uring} --datadir=${data_dir}/${port} --logdir=${data_dir}/${port}
asyncfile.sh: line 180: 383397 Killed                  iostat -x 1 -p ${DEV} > ${RESULTS}/iostat_$out
io=io_uring_batch_s=90_pr=1_b=unbuffered_c=uncached_w=1_pc=10r=1.txt
umounting /mnt/nvme/nvme0
Trimming /dev/nvme0n1
mke2fs 1.45.5 (07-Jan-2020)
Creating filesystem with 97677846 4k blocks and 24420352 inodes
Filesystem UUID: 8a2edd57-1f59-4dc6-9e53-c051142fd22b
Superblock backups stored on blocks: 
	32768, 98304, 163840, 229376, 294912, 819200, 884736, 1605632, 2654208, 
	4096000, 7962624, 11239424, 20480000, 23887872, 71663616, 78675968

Allocating group tables:    0/2981         done                            
Writing inode tables:    0/2981 175/2981         done                            
Creating journal (262144 blocks): done
Writing superblocks and filesystem accounting information:    0/2981         done

Copying  /mnt/ddi/file.dat to /mnt/nvme/nvme0/testfiles/file.dat
Finished copying
Sync'd
Cache dropped
removing /mnt/nvme/nvme0/ioutest/*
Test pid is 383869
wr
wr
wr <<
wr <<
Written
Written
syncd
syncd
FDBD joined cluster.
FDBD joined cluster.
orch pid 385894
Test received trigger for setup...
AsyncFileRead complete
asyncfile.sh: line 56: kill: (385894) - No such process

real	1m31.494s
user	0m1.168s
sys	0m0.796s
asyncfile.sh: line 180: 383867 Killed                  LD_LIBRARY_PATH=${LIB} taskset -c ${CORE} ${FDBSERVER} -C ${CLS} -p auto:${port} --listen_address public ${uring} --datadir=${data_dir}/${port} --logdir=${data_dir}/${port}
asyncfile.sh: line 180: 383869 Killed                  LD_LIBRARY_PATH=${LIB} taskset -c ${CORE} ${FDBSERVER} -C ${CLS} -c test -p auto:${port} --listen_address public ${uring} --datadir=${data_dir}/${port} --logdir=${data_dir}/${port}
asyncfile.sh: line 180: 385891 Killed                  iostat -x 1 -p ${DEV} > ${RESULTS}/iostat_$out
io=kaio_s=90_pr=1_b=unbuffered_c=uncached_w=1_pc=10r=1.txt
umounting /mnt/nvme/nvme0
Trimming /dev/nvme0n1
mke2fs 1.45.5 (07-Jan-2020)
Creating filesystem with 97677846 4k blocks and 24420352 inodes
Filesystem UUID: 81fabadf-ecd4-443c-8f39-bfc098e3021e
Superblock backups stored on blocks: 
	32768, 98304, 163840, 229376, 294912, 819200, 884736, 1605632, 2654208, 
	4096000, 7962624, 11239424, 20480000, 23887872, 71663616, 78675968

Allocating group tables:    0/2981         done                            
Writing inode tables:    0/29811433/2981         done                            
Creating journal (262144 blocks): done
Writing superblocks and filesystem accounting information:    0/2981         done

KAIO
Copying  /mnt/ddi/file.dat to /mnt/nvme/nvme0/testfiles/file.dat
Finished copying
Sync'd
Cache dropped
removing /mnt/nvme/nvme0/ioutest/*
Test pid is 386493
wr
wr
wr <<
wr <<
Written
Written
syncd
syncd
FDBD joined cluster.
FDBD joined cluster.
orch pid 388511
Test received trigger for setup...
AsyncFileRead complete
asyncfile.sh: line 56: kill: (388511) - No such process

real	1m31.407s
user	0m1.107s
sys	0m0.845s
asyncfile.sh: line 180: 386491 Killed                  LD_LIBRARY_PATH=${LIB} taskset -c ${CORE} ${FDBSERVER} -C ${CLS} -p auto:${port} --listen_address public ${uring} --datadir=${data_dir}/${port} --logdir=${data_dir}/${port}
asyncfile.sh: line 180: 386493 Killed                  LD_LIBRARY_PATH=${LIB} taskset -c ${CORE} ${FDBSERVER} -C ${CLS} -c test -p auto:${port} --listen_address public ${uring} --datadir=${data_dir}/${port} --logdir=${data_dir}/${port}
asyncfile.sh: line 180: 388508 Killed                  iostat -x 1 -p ${DEV} > ${RESULTS}/iostat_$out
io=io_uring_batch_direct_s=90_pr=32_b=unbuffered_c=uncached_w=0_pc=10r=1.txt
umounting /mnt/nvme/nvme0
Trimming /dev/nvme0n1
mke2fs 1.45.5 (07-Jan-2020)
Creating filesystem with 97677846 4k blocks and 24420352 inodes
Filesystem UUID: 093a5316-c20d-4689-b0bb-9fa3eab1d1c1
Superblock backups stored on blocks: 
	32768, 98304, 163840, 229376, 294912, 819200, 884736, 1605632, 2654208, 
	4096000, 7962624, 11239424, 20480000, 23887872, 71663616, 78675968

Allocating group tables:    0/2981         done                            
Writing inode tables:    0/2981 313/2981         done                            
Creating journal (262144 blocks): done
Writing superblocks and filesystem accounting information:    0/2981         done

Copying  /mnt/ddi/file.dat to /mnt/nvme/nvme0/testfiles/file.dat
Finished copying
Sync'd
Cache dropped
removing /mnt/nvme/nvme0/ioutest/*
Test pid is 388986
wr
wr
wr <<
wr <<
Written
Written
syncd
syncd
FDBD joined cluster.
FDBD joined cluster.
orch pid 391002
Test received trigger for setup...
AsyncFileRead complete
asyncfile.sh: line 56: kill: (391002) - No such process

real	1m31.448s
user	0m1.108s
sys	0m0.749s
asyncfile.sh: line 180: 388984 Killed                  LD_LIBRARY_PATH=${LIB} taskset -c ${CORE} ${FDBSERVER} -C ${CLS} -p auto:${port} --listen_address public ${uring} --datadir=${data_dir}/${port} --logdir=${data_dir}/${port}
asyncfile.sh: line 180: 388986 Killed                  LD_LIBRARY_PATH=${LIB} taskset -c ${CORE} ${FDBSERVER} -C ${CLS} -c test -p auto:${port} --listen_address public ${uring} --datadir=${data_dir}/${port} --logdir=${data_dir}/${port}
asyncfile.sh: line 180: 390999 Killed                  iostat -x 1 -p ${DEV} > ${RESULTS}/iostat_$out
io=io_uring_batch_s=90_pr=32_b=unbuffered_c=uncached_w=0_pc=10r=1.txt
umounting /mnt/nvme/nvme0
Trimming /dev/nvme0n1
mke2fs 1.45.5 (07-Jan-2020)
Creating filesystem with 97677846 4k blocks and 24420352 inodes
Filesystem UUID: e1967b93-c64a-43a8-bcad-6a5531bba064
Superblock backups stored on blocks: 
	32768, 98304, 163840, 229376, 294912, 819200, 884736, 1605632, 2654208, 
	4096000, 7962624, 11239424, 20480000, 23887872, 71663616, 78675968

Allocating group tables:    0/2981         done                            
Writing inode tables:    0/2981         done                            
Creating journal (262144 blocks): done
Writing superblocks and filesystem accounting information:    0/2981         done

Copying  /mnt/ddi/file.dat to /mnt/nvme/nvme0/testfiles/file.dat
Finished copying
Sync'd
Cache dropped
removing /mnt/nvme/nvme0/ioutest/*
Test pid is 391605
wr
wr
wr <<
wr <<
Written
Written
syncd
syncd
FDBD joined cluster.
FDBD joined cluster.
orch pid 393620
Test received trigger for setup...
AsyncFileRead complete
asyncfile.sh: line 56: kill: (393620) - No such process

real	1m31.402s
user	0m1.099s
sys	0m0.767s
asyncfile.sh: line 180: 391603 Killed                  LD_LIBRARY_PATH=${LIB} taskset -c ${CORE} ${FDBSERVER} -C ${CLS} -p auto:${port} --listen_address public ${uring} --datadir=${data_dir}/${port} --logdir=${data_dir}/${port}
asyncfile.sh: line 180: 391605 Killed                  LD_LIBRARY_PATH=${LIB} taskset -c ${CORE} ${FDBSERVER} -C ${CLS} -c test -p auto:${port} --listen_address public ${uring} --datadir=${data_dir}/${port} --logdir=${data_dir}/${port}
asyncfile.sh: line 180: 393617 Killed                  iostat -x 1 -p ${DEV} > ${RESULTS}/iostat_$out
io=kaio_s=90_pr=32_b=unbuffered_c=uncached_w=0_pc=10r=1.txt
umounting /mnt/nvme/nvme0
Trimming /dev/nvme0n1
mke2fs 1.45.5 (07-Jan-2020)
Creating filesystem with 97677846 4k blocks and 24420352 inodes
Filesystem UUID: 824f7d60-a47f-4916-a9f4-dbef142b585c
Superblock backups stored on blocks: 
	32768, 98304, 163840, 229376, 294912, 819200, 884736, 1605632, 2654208, 
	4096000, 7962624, 11239424, 20480000, 23887872, 71663616, 78675968

Allocating group tables:    0/2981         done                            
Writing inode tables:    0/29812447/2981         done                            
Creating journal (262144 blocks): done
Writing superblocks and filesystem accounting information:    0/2981         done

KAIO
Copying  /mnt/ddi/file.dat to /mnt/nvme/nvme0/testfiles/file.dat
Finished copying
Sync'd
Cache dropped
removing /mnt/nvme/nvme0/ioutest/*
Test pid is 394101
wr
wr
wr <<
wr <<
Written
Written
syncd
syncd
FDBD joined cluster.
FDBD joined cluster.
orch pid 396121
Test received trigger for setup...
AsyncFileRead complete
asyncfile.sh: line 56: kill: (396121) - No such process

real	1m31.377s
user	0m1.171s
sys	0m0.701s
asyncfile.sh: line 180: 394099 Killed                  LD_LIBRARY_PATH=${LIB} taskset -c ${CORE} ${FDBSERVER} -C ${CLS} -p auto:${port} --listen_address public ${uring} --datadir=${data_dir}/${port} --logdir=${data_dir}/${port}
asyncfile.sh: line 180: 394101 Killed                  LD_LIBRARY_PATH=${LIB} taskset -c ${CORE} ${FDBSERVER} -C ${CLS} -c test -p auto:${port} --listen_address public ${uring} --datadir=${data_dir}/${port} --logdir=${data_dir}/${port}
asyncfile.sh: line 180: 396118 Killed                  iostat -x 1 -p ${DEV} > ${RESULTS}/iostat_$out
io=io_uring_batch_direct_s=90_pr=32_b=unbuffered_c=uncached_w=0.5_pc=10r=1.txt
umounting /mnt/nvme/nvme0
Trimming /dev/nvme0n1
mke2fs 1.45.5 (07-Jan-2020)
Creating filesystem with 97677846 4k blocks and 24420352 inodes
Filesystem UUID: f029cbe9-1628-4706-9112-9555cc204672
Superblock backups stored on blocks: 
	32768, 98304, 163840, 229376, 294912, 819200, 884736, 1605632, 2654208, 
	4096000, 7962624, 11239424, 20480000, 23887872, 71663616, 78675968

Allocating group tables:    0/2981         done                            
Writing inode tables:    0/29811847/2981         done                            
Creating journal (262144 blocks): done
Writing superblocks and filesystem accounting information:    0/2981         done

Copying  /mnt/ddi/file.dat to /mnt/nvme/nvme0/testfiles/file.dat
Finished copying
Sync'd
Cache dropped
removing /mnt/nvme/nvme0/ioutest/*
Test pid is 396695
wr
wr
wr <<
wr <<
Written
Written
syncd
syncd
FDBD joined cluster.
FDBD joined cluster.
orch pid 398722
Test received trigger for setup...
AsyncFileRead complete
asyncfile.sh: line 56: kill: (398722) - No such process

real	1m31.436s
user	0m1.153s
sys	0m0.810s
asyncfile.sh: line 180: 396693 Killed                  LD_LIBRARY_PATH=${LIB} taskset -c ${CORE} ${FDBSERVER} -C ${CLS} -p auto:${port} --listen_address public ${uring} --datadir=${data_dir}/${port} --logdir=${data_dir}/${port}
asyncfile.sh: line 180: 396695 Killed                  LD_LIBRARY_PATH=${LIB} taskset -c ${CORE} ${FDBSERVER} -C ${CLS} -c test -p auto:${port} --listen_address public ${uring} --datadir=${data_dir}/${port} --logdir=${data_dir}/${port}
asyncfile.sh: line 180: 398719 Killed                  iostat -x 1 -p ${DEV} > ${RESULTS}/iostat_$out
io=io_uring_batch_s=90_pr=32_b=unbuffered_c=uncached_w=0.5_pc=10r=1.txt
umounting /mnt/nvme/nvme0
Trimming /dev/nvme0n1
mke2fs 1.45.5 (07-Jan-2020)
Creating filesystem with 97677846 4k blocks and 24420352 inodes
Filesystem UUID: d2a8d346-1d86-4ae8-8880-9e26177188e7
Superblock backups stored on blocks: 
	32768, 98304, 163840, 229376, 294912, 819200, 884736, 1605632, 2654208, 
	4096000, 7962624, 11239424, 20480000, 23887872, 71663616, 78675968

Allocating group tables:    0/2981         done                            
Writing inode tables:    0/2981 512/2981         done                            
Creating journal (262144 blocks): done
Writing superblocks and filesystem accounting information:    0/2981         done

Copying  /mnt/ddi/file.dat to /mnt/nvme/nvme0/testfiles/file.dat
Finished copying
Sync'd
Cache dropped
removing /mnt/nvme/nvme0/ioutest/*
Test pid is 399193
wr
wr
wr <<
wr <<
Written
Written
syncd
syncd
FDBD joined cluster.
FDBD joined cluster.
orch pid 401208
Test received trigger for setup...
AsyncFileRead complete
asyncfile.sh: line 56: kill: (401208) - No such process

real	1m30.686s
user	0m1.089s
sys	0m0.857s
asyncfile.sh: line 180: 399191 Killed                  LD_LIBRARY_PATH=${LIB} taskset -c ${CORE} ${FDBSERVER} -C ${CLS} -p auto:${port} --listen_address public ${uring} --datadir=${data_dir}/${port} --logdir=${data_dir}/${port}
asyncfile.sh: line 180: 399193 Killed                  LD_LIBRARY_PATH=${LIB} taskset -c ${CORE} ${FDBSERVER} -C ${CLS} -c test -p auto:${port} --listen_address public ${uring} --datadir=${data_dir}/${port} --logdir=${data_dir}/${port}
asyncfile.sh: line 180: 401205 Killed                  iostat -x 1 -p ${DEV} > ${RESULTS}/iostat_$out
io=kaio_s=90_pr=32_b=unbuffered_c=uncached_w=0.5_pc=10r=1.txt
umounting /mnt/nvme/nvme0
Trimming /dev/nvme0n1
mke2fs 1.45.5 (07-Jan-2020)
Creating filesystem with 97677846 4k blocks and 24420352 inodes
Filesystem UUID: 39aacf29-a4d6-406b-908c-0250b128b422
Superblock backups stored on blocks: 
	32768, 98304, 163840, 229376, 294912, 819200, 884736, 1605632, 2654208, 
	4096000, 7962624, 11239424, 20480000, 23887872, 71663616, 78675968

Allocating group tables:    0/2981         done                            
Writing inode tables:    0/29811683/2981         done                            
Creating journal (262144 blocks): done
Writing superblocks and filesystem accounting information:    0/2981         done

KAIO
Copying  /mnt/ddi/file.dat to /mnt/nvme/nvme0/testfiles/file.dat
Finished copying
Sync'd
Cache dropped
removing /mnt/nvme/nvme0/ioutest/*
Test pid is 401811
wr
wr
wr <<
wr <<
Written
Written
syncd
syncd
FDBD joined cluster.
FDBD joined cluster.
orch pid 403826
Test received trigger for setup...
AsyncFileRead complete
asyncfile.sh: line 56: kill: (403826) - No such process

real	1m31.405s
user	0m1.108s
sys	0m0.862s
asyncfile.sh: line 180: 401809 Killed                  LD_LIBRARY_PATH=${LIB} taskset -c ${CORE} ${FDBSERVER} -C ${CLS} -p auto:${port} --listen_address public ${uring} --datadir=${data_dir}/${port} --logdir=${data_dir}/${port}
asyncfile.sh: line 180: 401811 Killed                  LD_LIBRARY_PATH=${LIB} taskset -c ${CORE} ${FDBSERVER} -C ${CLS} -c test -p auto:${port} --listen_address public ${uring} --datadir=${data_dir}/${port} --logdir=${data_dir}/${port}
asyncfile.sh: line 180: 403823 Killed                  iostat -x 1 -p ${DEV} > ${RESULTS}/iostat_$out
io=io_uring_batch_direct_s=90_pr=32_b=unbuffered_c=uncached_w=1_pc=10r=1.txt
umounting /mnt/nvme/nvme0
Trimming /dev/nvme0n1
mke2fs 1.45.5 (07-Jan-2020)
Creating filesystem with 97677846 4k blocks and 24420352 inodes
Filesystem UUID: e91a803b-7002-4296-a9ed-43e08bd83c4d
Superblock backups stored on blocks: 
	32768, 98304, 163840, 229376, 294912, 819200, 884736, 1605632, 2654208, 
	4096000, 7962624, 11239424, 20480000, 23887872, 71663616, 78675968

Allocating group tables:    0/2981         done                            
Writing inode tables:    0/2981 118/2981         done                            
Creating journal (262144 blocks): done
Writing superblocks and filesystem accounting information:    0/2981         done

Copying  /mnt/ddi/file.dat to /mnt/nvme/nvme0/testfiles/file.dat
Finished copying
Sync'd
Cache dropped
removing /mnt/nvme/nvme0/ioutest/*
Test pid is 404313
wr
wr
wr <<
wr <<
Written
Written
syncd
syncd
FDBD joined cluster.
FDBD joined cluster.
orch pid 406330
Test received trigger for setup...
AsyncFileRead complete
asyncfile.sh: line 56: kill: (406330) - No such process

real	1m30.605s
user	0m1.220s
sys	0m0.790s
asyncfile.sh: line 180: 404311 Killed                  LD_LIBRARY_PATH=${LIB} taskset -c ${CORE} ${FDBSERVER} -C ${CLS} -p auto:${port} --listen_address public ${uring} --datadir=${data_dir}/${port} --logdir=${data_dir}/${port}
asyncfile.sh: line 180: 404313 Killed                  LD_LIBRARY_PATH=${LIB} taskset -c ${CORE} ${FDBSERVER} -C ${CLS} -c test -p auto:${port} --listen_address public ${uring} --datadir=${data_dir}/${port} --logdir=${data_dir}/${port}
asyncfile.sh: line 180: 406327 Killed                  iostat -x 1 -p ${DEV} > ${RESULTS}/iostat_$out
io=io_uring_batch_s=90_pr=32_b=unbuffered_c=uncached_w=1_pc=10r=1.txt
umounting /mnt/nvme/nvme0
Trimming /dev/nvme0n1
mke2fs 1.45.5 (07-Jan-2020)
Creating filesystem with 97677846 4k blocks and 24420352 inodes
Filesystem UUID: d535d313-c9d8-4ce8-a7a0-0caa7f9e1528
Superblock backups stored on blocks: 
	32768, 98304, 163840, 229376, 294912, 819200, 884736, 1605632, 2654208, 
	4096000, 7962624, 11239424, 20480000, 23887872, 71663616, 78675968

Allocating group tables:    0/2981         done                            
Writing inode tables:    0/2981         done                            
Creating journal (262144 blocks): done
Writing superblocks and filesystem accounting information:    0/2981         done

Copying  /mnt/ddi/file.dat to /mnt/nvme/nvme0/testfiles/file.dat
Finished copying
Sync'd
Cache dropped
removing /mnt/nvme/nvme0/ioutest/*
Test pid is 406904
wr
wr
wr <<
wr <<
Written
Written
syncd
syncd
FDBD joined cluster.
FDBD joined cluster.
orch pid 408919
Test received trigger for setup...
AsyncFileRead complete
asyncfile.sh: line 56: kill: (408919) - No such process

real	1m30.608s
user	0m1.118s
sys	0m0.830s
asyncfile.sh: line 180: 406902 Killed                  LD_LIBRARY_PATH=${LIB} taskset -c ${CORE} ${FDBSERVER} -C ${CLS} -p auto:${port} --listen_address public ${uring} --datadir=${data_dir}/${port} --logdir=${data_dir}/${port}
asyncfile.sh: line 180: 406904 Killed                  LD_LIBRARY_PATH=${LIB} taskset -c ${CORE} ${FDBSERVER} -C ${CLS} -c test -p auto:${port} --listen_address public ${uring} --datadir=${data_dir}/${port} --logdir=${data_dir}/${port}
asyncfile.sh: line 180: 408916 Killed                  iostat -x 1 -p ${DEV} > ${RESULTS}/iostat_$out
io=kaio_s=90_pr=32_b=unbuffered_c=uncached_w=1_pc=10r=1.txt
umounting /mnt/nvme/nvme0
Trimming /dev/nvme0n1
mke2fs 1.45.5 (07-Jan-2020)
Creating filesystem with 97677846 4k blocks and 24420352 inodes
Filesystem UUID: db83489d-e579-4dd8-a28c-ec21dd12a2ed
Superblock backups stored on blocks: 
	32768, 98304, 163840, 229376, 294912, 819200, 884736, 1605632, 2654208, 
	4096000, 7962624, 11239424, 20480000, 23887872, 71663616, 78675968

Allocating group tables:    0/2981         done                            
Writing inode tables:    0/29812788/2981         done                            
Creating journal (262144 blocks): done
Writing superblocks and filesystem accounting information:    0/2981         done

KAIO
Copying  /mnt/ddi/file.dat to /mnt/nvme/nvme0/testfiles/file.dat
Finished copying
Sync'd
Cache dropped
removing /mnt/nvme/nvme0/ioutest/*
Test pid is 409396
wr
wr
wr <<
wr <<
Written
Written
syncd
syncd
FDBD joined cluster.
FDBD joined cluster.
orch pid 411420
Test received trigger for setup...
AsyncFileRead complete
asyncfile.sh: line 56: kill: (411420) - No such process

real	1m31.433s
user	0m1.138s
sys	0m0.837s
asyncfile.sh: line 180: 409394 Killed                  LD_LIBRARY_PATH=${LIB} taskset -c ${CORE} ${FDBSERVER} -C ${CLS} -p auto:${port} --listen_address public ${uring} --datadir=${data_dir}/${port} --logdir=${data_dir}/${port}
asyncfile.sh: line 180: 409396 Killed                  LD_LIBRARY_PATH=${LIB} taskset -c ${CORE} ${FDBSERVER} -C ${CLS} -c test -p auto:${port} --listen_address public ${uring} --datadir=${data_dir}/${port} --logdir=${data_dir}/${port}
asyncfile.sh: line 180: 411417 Killed                  iostat -x 1 -p ${DEV} > ${RESULTS}/iostat_$out
io=io_uring_batch_direct_s=90_pr=64_b=unbuffered_c=uncached_w=0_pc=10r=1.txt
umounting /mnt/nvme/nvme0
Trimming /dev/nvme0n1
mke2fs 1.45.5 (07-Jan-2020)
Creating filesystem with 97677846 4k blocks and 24420352 inodes
Filesystem UUID: d7c054e3-e92e-4c40-9c62-fc7b04d26b59
Superblock backups stored on blocks: 
	32768, 98304, 163840, 229376, 294912, 819200, 884736, 1605632, 2654208, 
	4096000, 7962624, 11239424, 20480000, 23887872, 71663616, 78675968

Allocating group tables:    0/2981         done                            
Writing inode tables:    0/29812870/2981         done                            
Creating journal (262144 blocks): done
Writing superblocks and filesystem accounting information:    0/2981         done

Copying  /mnt/ddi/file.dat to /mnt/nvme/nvme0/testfiles/file.dat
Finished copying
Sync'd
Cache dropped
removing /mnt/nvme/nvme0/ioutest/*
Test pid is 412018
wr
wr
wr <<
wr <<
Written
Written
syncd
syncd
FDBD joined cluster.
FDBD joined cluster.
orch pid 414033
Test received trigger for setup...
AsyncFileRead complete
asyncfile.sh: line 56: kill: (414033) - No such process

real	1m31.392s
user	0m1.068s
sys	0m0.791s
asyncfile.sh: line 180: 412016 Killed                  LD_LIBRARY_PATH=${LIB} taskset -c ${CORE} ${FDBSERVER} -C ${CLS} -p auto:${port} --listen_address public ${uring} --datadir=${data_dir}/${port} --logdir=${data_dir}/${port}
asyncfile.sh: line 180: 412018 Killed                  LD_LIBRARY_PATH=${LIB} taskset -c ${CORE} ${FDBSERVER} -C ${CLS} -c test -p auto:${port} --listen_address public ${uring} --datadir=${data_dir}/${port} --logdir=${data_dir}/${port}
asyncfile.sh: line 180: 414030 Killed                  iostat -x 1 -p ${DEV} > ${RESULTS}/iostat_$out
io=io_uring_batch_s=90_pr=64_b=unbuffered_c=uncached_w=0_pc=10r=1.txt
umounting /mnt/nvme/nvme0
Trimming /dev/nvme0n1
mke2fs 1.45.5 (07-Jan-2020)
Creating filesystem with 97677846 4k blocks and 24420352 inodes
Filesystem UUID: d660c390-fc7f-4d59-ae96-29b8890976dc
Superblock backups stored on blocks: 
	32768, 98304, 163840, 229376, 294912, 819200, 884736, 1605632, 2654208, 
	4096000, 7962624, 11239424, 20480000, 23887872, 71663616, 78675968

Allocating group tables:    0/2981         done                            
Writing inode tables:    0/29811224/2981         done                            
Creating journal (262144 blocks): done
Writing superblocks and filesystem accounting information:    0/2981         done

Copying  /mnt/ddi/file.dat to /mnt/nvme/nvme0/testfiles/file.dat
Finished copying
Sync'd
Cache dropped
removing /mnt/nvme/nvme0/ioutest/*
Test pid is 414515
wr
wr
wr <<
wr <<
Written
Written
syncd
syncd
FDBD joined cluster.
FDBD joined cluster.
orch pid 416533
Test received trigger for setup...
AsyncFileRead complete
asyncfile.sh: line 56: kill: (416533) - No such process

real	1m31.387s
user	0m1.133s
sys	0m0.728s
asyncfile.sh: line 180: 414513 Killed                  LD_LIBRARY_PATH=${LIB} taskset -c ${CORE} ${FDBSERVER} -C ${CLS} -p auto:${port} --listen_address public ${uring} --datadir=${data_dir}/${port} --logdir=${data_dir}/${port}
asyncfile.sh: line 180: 414515 Killed                  LD_LIBRARY_PATH=${LIB} taskset -c ${CORE} ${FDBSERVER} -C ${CLS} -c test -p auto:${port} --listen_address public ${uring} --datadir=${data_dir}/${port} --logdir=${data_dir}/${port}
asyncfile.sh: line 180: 416530 Killed                  iostat -x 1 -p ${DEV} > ${RESULTS}/iostat_$out
io=kaio_s=90_pr=64_b=unbuffered_c=uncached_w=0_pc=10r=1.txt
umounting /mnt/nvme/nvme0
Trimming /dev/nvme0n1
mke2fs 1.45.5 (07-Jan-2020)
Creating filesystem with 97677846 4k blocks and 24420352 inodes
Filesystem UUID: b356fe29-c157-4de5-800e-518e146d3705
Superblock backups stored on blocks: 
	32768, 98304, 163840, 229376, 294912, 819200, 884736, 1605632, 2654208, 
	4096000, 7962624, 11239424, 20480000, 23887872, 71663616, 78675968

Allocating group tables:    0/2981         done                            
Writing inode tables:    0/2981 482/2981         done                            
Creating journal (262144 blocks): done
Writing superblocks and filesystem accounting information:    0/2981         done

KAIO
Copying  /mnt/ddi/file.dat to /mnt/nvme/nvme0/testfiles/file.dat
Finished copying
Sync'd
Cache dropped
removing /mnt/nvme/nvme0/ioutest/*
Test pid is 417114
wr
wr
wr <<
wr <<
Written
Written
syncd
syncd
FDBD joined cluster.
FDBD joined cluster.
orch pid 419129
Test received trigger for setup...
AsyncFileRead complete
asyncfile.sh: line 56: kill: (419129) - No such process

real	1m31.386s
user	0m1.147s
sys	0m0.707s
asyncfile.sh: line 180: 417112 Killed                  LD_LIBRARY_PATH=${LIB} taskset -c ${CORE} ${FDBSERVER} -C ${CLS} -p auto:${port} --listen_address public ${uring} --datadir=${data_dir}/${port} --logdir=${data_dir}/${port}
asyncfile.sh: line 180: 417114 Killed                  LD_LIBRARY_PATH=${LIB} taskset -c ${CORE} ${FDBSERVER} -C ${CLS} -c test -p auto:${port} --listen_address public ${uring} --datadir=${data_dir}/${port} --logdir=${data_dir}/${port}
asyncfile.sh: line 180: 419126 Killed                  iostat -x 1 -p ${DEV} > ${RESULTS}/iostat_$out
io=io_uring_batch_direct_s=90_pr=64_b=unbuffered_c=uncached_w=0.5_pc=10r=1.txt
umounting /mnt/nvme/nvme0
Trimming /dev/nvme0n1
mke2fs 1.45.5 (07-Jan-2020)
Creating filesystem with 97677846 4k blocks and 24420352 inodes
Filesystem UUID: 1ea59c76-0256-4a87-a11f-5ce27cf12790
Superblock backups stored on blocks: 
	32768, 98304, 163840, 229376, 294912, 819200, 884736, 1605632, 2654208, 
	4096000, 7962624, 11239424, 20480000, 23887872, 71663616, 78675968

Allocating group tables:    0/2981         done                            
Writing inode tables:    0/29812317/2981         done                            
Creating journal (262144 blocks): done
Writing superblocks and filesystem accounting information:    0/2981         done

Copying  /mnt/ddi/file.dat to /mnt/nvme/nvme0/testfiles/file.dat
Finished copying
Sync'd
Cache dropped
removing /mnt/nvme/nvme0/ioutest/*
Test pid is 419661
wr
wr
wr <<
wr <<
Written
Written
syncd
syncd
FDBD joined cluster.
FDBD joined cluster.
orch pid 421676
Test received trigger for setup...
AsyncFileRead complete
asyncfile.sh: line 56: kill: (421676) - No such process

real	1m31.476s
user	0m1.125s
sys	0m0.850s
asyncfile.sh: line 180: 419659 Killed                  LD_LIBRARY_PATH=${LIB} taskset -c ${CORE} ${FDBSERVER} -C ${CLS} -p auto:${port} --listen_address public ${uring} --datadir=${data_dir}/${port} --logdir=${data_dir}/${port}
asyncfile.sh: line 180: 419661 Killed                  LD_LIBRARY_PATH=${LIB} taskset -c ${CORE} ${FDBSERVER} -C ${CLS} -c test -p auto:${port} --listen_address public ${uring} --datadir=${data_dir}/${port} --logdir=${data_dir}/${port}
asyncfile.sh: line 180: 421673 Killed                  iostat -x 1 -p ${DEV} > ${RESULTS}/iostat_$out
io=io_uring_batch_s=90_pr=64_b=unbuffered_c=uncached_w=0.5_pc=10r=1.txt
umounting /mnt/nvme/nvme0
Trimming /dev/nvme0n1
mke2fs 1.45.5 (07-Jan-2020)
Creating filesystem with 97677846 4k blocks and 24420352 inodes
Filesystem UUID: d3200231-447a-4817-bf8c-dac6cc0df47c
Superblock backups stored on blocks: 
	32768, 98304, 163840, 229376, 294912, 819200, 884736, 1605632, 2654208, 
	4096000, 7962624, 11239424, 20480000, 23887872, 71663616, 78675968

Allocating group tables:    0/2981         done                            
Writing inode tables:    0/29811850/2981         done                            
Creating journal (262144 blocks): done
Writing superblocks and filesystem accounting information:    0/2981         done

Copying  /mnt/ddi/file.dat to /mnt/nvme/nvme0/testfiles/file.dat
Finished copying
Sync'd
Cache dropped
removing /mnt/nvme/nvme0/ioutest/*
Test pid is 422224
wr
wr
wr <<
wr <<
Written
Written
syncd
syncd
FDBD joined cluster.
FDBD joined cluster.
orch pid 424247
Test received trigger for setup...
AsyncFileRead complete
asyncfile.sh: line 56: kill: (424247) - No such process

real	1m30.617s
user	0m1.035s
sys	0m0.912s
asyncfile.sh: line 180: 422222 Killed                  LD_LIBRARY_PATH=${LIB} taskset -c ${CORE} ${FDBSERVER} -C ${CLS} -p auto:${port} --listen_address public ${uring} --datadir=${data_dir}/${port} --logdir=${data_dir}/${port}
asyncfile.sh: line 180: 422224 Killed                  LD_LIBRARY_PATH=${LIB} taskset -c ${CORE} ${FDBSERVER} -C ${CLS} -c test -p auto:${port} --listen_address public ${uring} --datadir=${data_dir}/${port} --logdir=${data_dir}/${port}
asyncfile.sh: line 180: 424244 Killed                  iostat -x 1 -p ${DEV} > ${RESULTS}/iostat_$out
io=kaio_s=90_pr=64_b=unbuffered_c=uncached_w=0.5_pc=10r=1.txt
umounting /mnt/nvme/nvme0
Trimming /dev/nvme0n1
mke2fs 1.45.5 (07-Jan-2020)
Creating filesystem with 97677846 4k blocks and 24420352 inodes
Filesystem UUID: 894d7ca2-ae2a-4d7e-89c4-e21297f599d9
Superblock backups stored on blocks: 
	32768, 98304, 163840, 229376, 294912, 819200, 884736, 1605632, 2654208, 
	4096000, 7962624, 11239424, 20480000, 23887872, 71663616, 78675968

Allocating group tables:    0/2981         done                            
Writing inode tables:    0/2981 413/2981         done                            
Creating journal (262144 blocks): done
Writing superblocks and filesystem accounting information:    0/2981         done

KAIO
Copying  /mnt/ddi/file.dat to /mnt/nvme/nvme0/testfiles/file.dat
Finished copying
Sync'd
Cache dropped
removing /mnt/nvme/nvme0/ioutest/*
Test pid is 424800
wr
wr
wr <<
wr <<
Written
Written
syncd
syncd
FDBD joined cluster.
FDBD joined cluster.
orch pid 426822
Test received trigger for setup...
AsyncFileRead complete
asyncfile.sh: line 56: kill: (426822) - No such process

real	1m31.416s
user	0m1.142s
sys	0m0.830s
asyncfile.sh: line 180: 424798 Killed                  LD_LIBRARY_PATH=${LIB} taskset -c ${CORE} ${FDBSERVER} -C ${CLS} -p auto:${port} --listen_address public ${uring} --datadir=${data_dir}/${port} --logdir=${data_dir}/${port}
asyncfile.sh: line 180: 424800 Killed                  LD_LIBRARY_PATH=${LIB} taskset -c ${CORE} ${FDBSERVER} -C ${CLS} -c test -p auto:${port} --listen_address public ${uring} --datadir=${data_dir}/${port} --logdir=${data_dir}/${port}
asyncfile.sh: line 180: 426819 Killed                  iostat -x 1 -p ${DEV} > ${RESULTS}/iostat_$out
io=io_uring_batch_direct_s=90_pr=64_b=unbuffered_c=uncached_w=1_pc=10r=1.txt
umounting /mnt/nvme/nvme0
Trimming /dev/nvme0n1
mke2fs 1.45.5 (07-Jan-2020)
Creating filesystem with 97677846 4k blocks and 24420352 inodes
Filesystem UUID: ca1f18ad-bc62-4230-9309-5cce020c1933
Superblock backups stored on blocks: 
	32768, 98304, 163840, 229376, 294912, 819200, 884736, 1605632, 2654208, 
	4096000, 7962624, 11239424, 20480000, 23887872, 71663616, 78675968

Allocating group tables:    0/2981         done                            
Writing inode tables:    0/29811139/2981         done                            
Creating journal (262144 blocks): done
Writing superblocks and filesystem accounting information:    0/2981         done

Copying  /mnt/ddi/file.dat to /mnt/nvme/nvme0/testfiles/file.dat
Finished copying
Sync'd
Cache dropped
removing /mnt/nvme/nvme0/ioutest/*
Test pid is 427315
wr
wr
wr <<
wr <<
Written
Written
syncd
syncd
FDBD joined cluster.
FDBD joined cluster.
orch pid 429331
Test received trigger for setup...
AsyncFileRead complete
asyncfile.sh: line 56: kill: (429331) - No such process

real	1m30.440s
user	0m1.190s
sys	0m0.767s
asyncfile.sh: line 180: 427313 Killed                  LD_LIBRARY_PATH=${LIB} taskset -c ${CORE} ${FDBSERVER} -C ${CLS} -p auto:${port} --listen_address public ${uring} --datadir=${data_dir}/${port} --logdir=${data_dir}/${port}
asyncfile.sh: line 180: 427315 Killed                  LD_LIBRARY_PATH=${LIB} taskset -c ${CORE} ${FDBSERVER} -C ${CLS} -c test -p auto:${port} --listen_address public ${uring} --datadir=${data_dir}/${port} --logdir=${data_dir}/${port}
asyncfile.sh: line 180: 429328 Killed                  iostat -x 1 -p ${DEV} > ${RESULTS}/iostat_$out
io=io_uring_batch_s=90_pr=64_b=unbuffered_c=uncached_w=1_pc=10r=1.txt
umounting /mnt/nvme/nvme0
Trimming /dev/nvme0n1
mke2fs 1.45.5 (07-Jan-2020)
Creating filesystem with 97677846 4k blocks and 24420352 inodes
Filesystem UUID: e7b36677-e6c6-48fc-812b-420dee19b5af
Superblock backups stored on blocks: 
	32768, 98304, 163840, 229376, 294912, 819200, 884736, 1605632, 2654208, 
	4096000, 7962624, 11239424, 20480000, 23887872, 71663616, 78675968

Allocating group tables:    0/2981         done                            
Writing inode tables:    0/29812744/2981         done                            
Creating journal (262144 blocks): done
Writing superblocks and filesystem accounting information:    0/2981         done

Copying  /mnt/ddi/file.dat to /mnt/nvme/nvme0/testfiles/file.dat
Finished copying
Sync'd
Cache dropped
removing /mnt/nvme/nvme0/ioutest/*
Test pid is 429855
wr
wr
wr <<
wr <<
Written
Written
syncd
syncd
FDBD joined cluster.
FDBD joined cluster.
orch pid 431870
Test received trigger for setup...
AsyncFileRead complete
asyncfile.sh: line 56: kill: (431870) - No such process

real	1m30.600s
user	0m1.206s
sys	0m0.759s
asyncfile.sh: line 180: 429853 Killed                  LD_LIBRARY_PATH=${LIB} taskset -c ${CORE} ${FDBSERVER} -C ${CLS} -p auto:${port} --listen_address public ${uring} --datadir=${data_dir}/${port} --logdir=${data_dir}/${port}
asyncfile.sh: line 180: 429855 Killed                  LD_LIBRARY_PATH=${LIB} taskset -c ${CORE} ${FDBSERVER} -C ${CLS} -c test -p auto:${port} --listen_address public ${uring} --datadir=${data_dir}/${port} --logdir=${data_dir}/${port}
asyncfile.sh: line 180: 431867 Killed                  iostat -x 1 -p ${DEV} > ${RESULTS}/iostat_$out
io=kaio_s=90_pr=64_b=unbuffered_c=uncached_w=1_pc=10r=1.txt
umounting /mnt/nvme/nvme0
Trimming /dev/nvme0n1
mke2fs 1.45.5 (07-Jan-2020)
Creating filesystem with 97677846 4k blocks and 24420352 inodes
Filesystem UUID: a7639c97-680c-4299-afbc-2fb01df430ae
Superblock backups stored on blocks: 
	32768, 98304, 163840, 229376, 294912, 819200, 884736, 1605632, 2654208, 
	4096000, 7962624, 11239424, 20480000, 23887872, 71663616, 78675968

Allocating group tables:    0/2981         done                            
Writing inode tables:    0/29812514/2981         done                            
Creating journal (262144 blocks): done
Writing superblocks and filesystem accounting information:    0/2981         done

KAIO
Copying  /mnt/ddi/file.dat to /mnt/nvme/nvme0/testfiles/file.dat
Finished copying
Sync'd
Cache dropped
removing /mnt/nvme/nvme0/ioutest/*
Test pid is 432361
wr
wr
wr <<
wr <<
Written
Written
syncd
syncd
FDBD joined cluster.
FDBD joined cluster.
orch pid 434376
Test received trigger for setup...
AsyncFileRead complete
asyncfile.sh: line 56: kill: (434376) - No such process

real	1m31.397s
user	0m1.149s
sys	0m0.723s
asyncfile.sh: line 180: 432359 Killed                  LD_LIBRARY_PATH=${LIB} taskset -c ${CORE} ${FDBSERVER} -C ${CLS} -p auto:${port} --listen_address public ${uring} --datadir=${data_dir}/${port} --logdir=${data_dir}/${port}
asyncfile.sh: line 180: 432361 Killed                  LD_LIBRARY_PATH=${LIB} taskset -c ${CORE} ${FDBSERVER} -C ${CLS} -c test -p auto:${port} --listen_address public ${uring} --datadir=${data_dir}/${port} --logdir=${data_dir}/${port}
asyncfile.sh: line 180: 434373 Killed                  iostat -x 1 -p ${DEV} > ${RESULTS}/iostat_$out
io=io_uring_batch_direct_s=90_pr=1_b=unbuffered_c=uncached_w=0_pc=10r=2.txt
umounting /mnt/nvme/nvme0
Trimming /dev/nvme0n1
mke2fs 1.45.5 (07-Jan-2020)
Creating filesystem with 97677846 4k blocks and 24420352 inodes
Filesystem UUID: d0b8abbd-16c8-45c6-a59b-15df6c0666c8
Superblock backups stored on blocks: 
	32768, 98304, 163840, 229376, 294912, 819200, 884736, 1605632, 2654208, 
	4096000, 7962624, 11239424, 20480000, 23887872, 71663616, 78675968

Allocating group tables:    0/2981         done                            
Writing inode tables:    0/2981         done                            
Creating journal (262144 blocks): done
Writing superblocks and filesystem accounting information:    0/2981         done

Copying  /mnt/ddi/file.dat to /mnt/nvme/nvme0/testfiles/file.dat
Finished copying
Sync'd
Cache dropped
removing /mnt/nvme/nvme0/ioutest/*
Test pid is 434849
wr
wr
wr <<
wr <<
Written
Written
syncd
syncd
FDBD joined cluster.
FDBD joined cluster.
orch pid 436876
Test received trigger for setup...
AsyncFileRead complete
asyncfile.sh: line 56: kill: (436876) - No such process

real	1m31.534s
user	0m1.100s
sys	0m0.755s
asyncfile.sh: line 180: 434847 Killed                  LD_LIBRARY_PATH=${LIB} taskset -c ${CORE} ${FDBSERVER} -C ${CLS} -p auto:${port} --listen_address public ${uring} --datadir=${data_dir}/${port} --logdir=${data_dir}/${port}
asyncfile.sh: line 180: 434849 Killed                  LD_LIBRARY_PATH=${LIB} taskset -c ${CORE} ${FDBSERVER} -C ${CLS} -c test -p auto:${port} --listen_address public ${uring} --datadir=${data_dir}/${port} --logdir=${data_dir}/${port}
asyncfile.sh: line 180: 436873 Killed                  iostat -x 1 -p ${DEV} > ${RESULTS}/iostat_$out
io=io_uring_batch_s=90_pr=1_b=unbuffered_c=uncached_w=0_pc=10r=2.txt
umounting /mnt/nvme/nvme0
Trimming /dev/nvme0n1
mke2fs 1.45.5 (07-Jan-2020)
Creating filesystem with 97677846 4k blocks and 24420352 inodes
Filesystem UUID: a434f1a6-ba49-4379-a340-1912a304099e
Superblock backups stored on blocks: 
	32768, 98304, 163840, 229376, 294912, 819200, 884736, 1605632, 2654208, 
	4096000, 7962624, 11239424, 20480000, 23887872, 71663616, 78675968

Allocating group tables:    0/2981         done                            
Writing inode tables:    0/2981 111/2981         done                            
Creating journal (262144 blocks): done
Writing superblocks and filesystem accounting information:    0/2981         done

Copying  /mnt/ddi/file.dat to /mnt/nvme/nvme0/testfiles/file.dat
Finished copying
Sync'd
Cache dropped
removing /mnt/nvme/nvme0/ioutest/*
Test pid is 437457
wr
wr
wr <<
wr <<
Written
Written
syncd
syncd
FDBD joined cluster.
FDBD joined cluster.
orch pid 439472
Test received trigger for setup...
AsyncFileRead complete
asyncfile.sh: line 56: kill: (439472) - No such process

real	1m31.430s
user	0m1.161s
sys	0m0.690s
asyncfile.sh: line 180: 437455 Killed                  LD_LIBRARY_PATH=${LIB} taskset -c ${CORE} ${FDBSERVER} -C ${CLS} -p auto:${port} --listen_address public ${uring} --datadir=${data_dir}/${port} --logdir=${data_dir}/${port}
asyncfile.sh: line 180: 437457 Killed                  LD_LIBRARY_PATH=${LIB} taskset -c ${CORE} ${FDBSERVER} -C ${CLS} -c test -p auto:${port} --listen_address public ${uring} --datadir=${data_dir}/${port} --logdir=${data_dir}/${port}
asyncfile.sh: line 180: 439469 Killed                  iostat -x 1 -p ${DEV} > ${RESULTS}/iostat_$out
io=kaio_s=90_pr=1_b=unbuffered_c=uncached_w=0_pc=10r=2.txt
umounting /mnt/nvme/nvme0
Trimming /dev/nvme0n1
mke2fs 1.45.5 (07-Jan-2020)
Creating filesystem with 97677846 4k blocks and 24420352 inodes
Filesystem UUID: d20a1fb9-da84-4c0d-a91f-f453f33286db
Superblock backups stored on blocks: 
	32768, 98304, 163840, 229376, 294912, 819200, 884736, 1605632, 2654208, 
	4096000, 7962624, 11239424, 20480000, 23887872, 71663616, 78675968

Allocating group tables:    0/2981         done                            
Writing inode tables:    0/29811704/2981         done                            
Creating journal (262144 blocks): done
Writing superblocks and filesystem accounting information:    0/2981         done

KAIO
Copying  /mnt/ddi/file.dat to /mnt/nvme/nvme0/testfiles/file.dat
Finished copying
Sync'd
Cache dropped
removing /mnt/nvme/nvme0/ioutest/*
Test pid is 440029
wr
wr
wr <<
wr <<
Written
Written
syncd
syncd
FDBD joined cluster.
FDBD joined cluster.
orch pid 442051
Test received trigger for setup...
AsyncFileRead complete
asyncfile.sh: line 56: kill: (442051) - No such process

real	1m31.429s
user	0m1.156s
sys	0m0.694s
asyncfile.sh: line 180: 440027 Killed                  LD_LIBRARY_PATH=${LIB} taskset -c ${CORE} ${FDBSERVER} -C ${CLS} -p auto:${port} --listen_address public ${uring} --datadir=${data_dir}/${port} --logdir=${data_dir}/${port}
asyncfile.sh: line 180: 440029 Killed                  LD_LIBRARY_PATH=${LIB} taskset -c ${CORE} ${FDBSERVER} -C ${CLS} -c test -p auto:${port} --listen_address public ${uring} --datadir=${data_dir}/${port} --logdir=${data_dir}/${port}
asyncfile.sh: line 180: 442048 Killed                  iostat -x 1 -p ${DEV} > ${RESULTS}/iostat_$out
io=io_uring_batch_direct_s=90_pr=1_b=unbuffered_c=uncached_w=0.5_pc=10r=2.txt
umounting /mnt/nvme/nvme0
Trimming /dev/nvme0n1
mke2fs 1.45.5 (07-Jan-2020)
Creating filesystem with 97677846 4k blocks and 24420352 inodes
Filesystem UUID: 745a0311-7974-4549-8182-933afaa2dbf4
Superblock backups stored on blocks: 
	32768, 98304, 163840, 229376, 294912, 819200, 884736, 1605632, 2654208, 
	4096000, 7962624, 11239424, 20480000, 23887872, 71663616, 78675968

Allocating group tables:    0/2981         done                            
Writing inode tables:    0/29812116/2981         done                            
Creating journal (262144 blocks): done
Writing superblocks and filesystem accounting information:    0/2981         done

Copying  /mnt/ddi/file.dat to /mnt/nvme/nvme0/testfiles/file.dat
Finished copying
Sync'd
Cache dropped
removing /mnt/nvme/nvme0/ioutest/*
Test pid is 442553
wr
wr
wr <<
wr <<
Written
Written
syncd
syncd
FDBD joined cluster.
FDBD joined cluster.
orch pid 444573
Test received trigger for setup...
AsyncFileRead complete
asyncfile.sh: line 56: kill: (444573) - No such process

real	1m31.421s
user	0m1.111s
sys	0m0.733s
asyncfile.sh: line 180: 442551 Killed                  LD_LIBRARY_PATH=${LIB} taskset -c ${CORE} ${FDBSERVER} -C ${CLS} -p auto:${port} --listen_address public ${uring} --datadir=${data_dir}/${port} --logdir=${data_dir}/${port}
asyncfile.sh: line 180: 442553 Killed                  LD_LIBRARY_PATH=${LIB} taskset -c ${CORE} ${FDBSERVER} -C ${CLS} -c test -p auto:${port} --listen_address public ${uring} --datadir=${data_dir}/${port} --logdir=${data_dir}/${port}
asyncfile.sh: line 180: 444570 Killed                  iostat -x 1 -p ${DEV} > ${RESULTS}/iostat_$out
io=io_uring_batch_s=90_pr=1_b=unbuffered_c=uncached_w=0.5_pc=10r=2.txt
umounting /mnt/nvme/nvme0
Trimming /dev/nvme0n1
mke2fs 1.45.5 (07-Jan-2020)
Creating filesystem with 97677846 4k blocks and 24420352 inodes
Filesystem UUID: 23a5d498-b8a1-44ab-9ee6-87071a2b041f
Superblock backups stored on blocks: 
	32768, 98304, 163840, 229376, 294912, 819200, 884736, 1605632, 2654208, 
	4096000, 7962624, 11239424, 20480000, 23887872, 71663616, 78675968

Allocating group tables:    0/2981         done                            
Writing inode tables:    0/29811376/2981         done                            
Creating journal (262144 blocks): done
Writing superblocks and filesystem accounting information:    0/2981         done

Copying  /mnt/ddi/file.dat to /mnt/nvme/nvme0/testfiles/file.dat
Finished copying
Sync'd
Cache dropped
removing /mnt/nvme/nvme0/ioutest/*
Test pid is 445179
wr
wr
wr <<
wr <<
Written
Written
syncd
syncd
FDBD joined cluster.
FDBD joined cluster.
orch pid 447197
Test received trigger for setup...
AsyncFileRead complete
asyncfile.sh: line 56: kill: (447197) - No such process

real	1m31.465s
user	0m1.074s
sys	0m0.785s
asyncfile.sh: line 180: 445177 Killed                  LD_LIBRARY_PATH=${LIB} taskset -c ${CORE} ${FDBSERVER} -C ${CLS} -p auto:${port} --listen_address public ${uring} --datadir=${data_dir}/${port} --logdir=${data_dir}/${port}
asyncfile.sh: line 180: 445179 Killed                  LD_LIBRARY_PATH=${LIB} taskset -c ${CORE} ${FDBSERVER} -C ${CLS} -c test -p auto:${port} --listen_address public ${uring} --datadir=${data_dir}/${port} --logdir=${data_dir}/${port}
asyncfile.sh: line 180: 447194 Killed                  iostat -x 1 -p ${DEV} > ${RESULTS}/iostat_$out
io=kaio_s=90_pr=1_b=unbuffered_c=uncached_w=0.5_pc=10r=2.txt
umounting /mnt/nvme/nvme0
Trimming /dev/nvme0n1
mke2fs 1.45.5 (07-Jan-2020)
Creating filesystem with 97677846 4k blocks and 24420352 inodes
Filesystem UUID: 3f982451-bb81-4a39-95de-adb67c164a32
Superblock backups stored on blocks: 
	32768, 98304, 163840, 229376, 294912, 819200, 884736, 1605632, 2654208, 
	4096000, 7962624, 11239424, 20480000, 23887872, 71663616, 78675968

Allocating group tables:    0/2981         done                            
Writing inode tables:    0/29812151/2981         done                            
Creating journal (262144 blocks): done
Writing superblocks and filesystem accounting information:    0/2981         done

KAIO
Copying  /mnt/ddi/file.dat to /mnt/nvme/nvme0/testfiles/file.dat
Finished copying
Sync'd
Cache dropped
removing /mnt/nvme/nvme0/ioutest/*
Test pid is 447679
wr
wr
wr <<
wr <<
Written
Written
syncd
syncd
FDBD joined cluster.
FDBD joined cluster.
orch pid 449704
Test received trigger for setup...
AsyncFileRead complete
asyncfile.sh: line 56: kill: (449704) - No such process

real	1m31.366s
user	0m1.160s
sys	0m0.695s
asyncfile.sh: line 180: 447677 Killed                  LD_LIBRARY_PATH=${LIB} taskset -c ${CORE} ${FDBSERVER} -C ${CLS} -p auto:${port} --listen_address public ${uring} --datadir=${data_dir}/${port} --logdir=${data_dir}/${port}
asyncfile.sh: line 180: 447679 Killed                  LD_LIBRARY_PATH=${LIB} taskset -c ${CORE} ${FDBSERVER} -C ${CLS} -c test -p auto:${port} --listen_address public ${uring} --datadir=${data_dir}/${port} --logdir=${data_dir}/${port}
asyncfile.sh: line 180: 449701 Killed                  iostat -x 1 -p ${DEV} > ${RESULTS}/iostat_$out
io=io_uring_batch_direct_s=90_pr=1_b=unbuffered_c=uncached_w=1_pc=10r=2.txt
umounting /mnt/nvme/nvme0
Trimming /dev/nvme0n1
mke2fs 1.45.5 (07-Jan-2020)
Creating filesystem with 97677846 4k blocks and 24420352 inodes
Filesystem UUID: fd99aa08-e1e0-42c7-80bb-3e1a0d98b44c
Superblock backups stored on blocks: 
	32768, 98304, 163840, 229376, 294912, 819200, 884736, 1605632, 2654208, 
	4096000, 7962624, 11239424, 20480000, 23887872, 71663616, 78675968

Allocating group tables:    0/2981         done                            
Writing inode tables:    0/29812094/2981         done                            
Creating journal (262144 blocks): done
Writing superblocks and filesystem accounting information:    0/2981         done

Copying  /mnt/ddi/file.dat to /mnt/nvme/nvme0/testfiles/file.dat
Finished copying
Sync'd
Cache dropped
removing /mnt/nvme/nvme0/ioutest/*
Test pid is 450280
wr
wr
wr <<
wr <<
Written
Written
syncd
syncd
FDBD joined cluster.
FDBD joined cluster.
orch pid 452295
Test received trigger for setup...
AsyncFileRead complete
asyncfile.sh: line 56: kill: (452295) - No such process

real	1m31.425s
user	0m1.158s
sys	0m0.709s
asyncfile.sh: line 180: 450278 Killed                  LD_LIBRARY_PATH=${LIB} taskset -c ${CORE} ${FDBSERVER} -C ${CLS} -p auto:${port} --listen_address public ${uring} --datadir=${data_dir}/${port} --logdir=${data_dir}/${port}
asyncfile.sh: line 180: 450280 Killed                  LD_LIBRARY_PATH=${LIB} taskset -c ${CORE} ${FDBSERVER} -C ${CLS} -c test -p auto:${port} --listen_address public ${uring} --datadir=${data_dir}/${port} --logdir=${data_dir}/${port}
asyncfile.sh: line 180: 452292 Killed                  iostat -x 1 -p ${DEV} > ${RESULTS}/iostat_$out
io=io_uring_batch_s=90_pr=1_b=unbuffered_c=uncached_w=1_pc=10r=2.txt
umounting /mnt/nvme/nvme0
Trimming /dev/nvme0n1
mke2fs 1.45.5 (07-Jan-2020)
Creating filesystem with 97677846 4k blocks and 24420352 inodes
Filesystem UUID: 6224116e-9381-4353-aadc-db198372c2a0
Superblock backups stored on blocks: 
	32768, 98304, 163840, 229376, 294912, 819200, 884736, 1605632, 2654208, 
	4096000, 7962624, 11239424, 20480000, 23887872, 71663616, 78675968

Allocating group tables:    0/2981         done                            
Writing inode tables:    0/2981  45/2981         done                            
Creating journal (262144 blocks): done
Writing superblocks and filesystem accounting information:    0/2981         done

Copying  /mnt/ddi/file.dat to /mnt/nvme/nvme0/testfiles/file.dat
Finished copying
Sync'd
Cache dropped
removing /mnt/nvme/nvme0/ioutest/*
Test pid is 452807
wr
wr
wr <<
wr <<
Written
Written
syncd
syncd
FDBD joined cluster.
FDBD joined cluster.
orch pid 454828
Test received trigger for setup...
AsyncFileRead complete
asyncfile.sh: line 56: kill: (454828) - No such process

real	1m31.409s
user	0m1.166s
sys	0m0.708s
asyncfile.sh: line 180: 452805 Killed                  LD_LIBRARY_PATH=${LIB} taskset -c ${CORE} ${FDBSERVER} -C ${CLS} -p auto:${port} --listen_address public ${uring} --datadir=${data_dir}/${port} --logdir=${data_dir}/${port}
asyncfile.sh: line 180: 452807 Killed                  LD_LIBRARY_PATH=${LIB} taskset -c ${CORE} ${FDBSERVER} -C ${CLS} -c test -p auto:${port} --listen_address public ${uring} --datadir=${data_dir}/${port} --logdir=${data_dir}/${port}
asyncfile.sh: line 180: 454825 Killed                  iostat -x 1 -p ${DEV} > ${RESULTS}/iostat_$out
io=kaio_s=90_pr=1_b=unbuffered_c=uncached_w=1_pc=10r=2.txt
umounting /mnt/nvme/nvme0
Trimming /dev/nvme0n1
mke2fs 1.45.5 (07-Jan-2020)
Creating filesystem with 97677846 4k blocks and 24420352 inodes
Filesystem UUID: 5e34b62c-3ff1-49b9-ade9-c986a22c3223
Superblock backups stored on blocks: 
	32768, 98304, 163840, 229376, 294912, 819200, 884736, 1605632, 2654208, 
	4096000, 7962624, 11239424, 20480000, 23887872, 71663616, 78675968

Allocating group tables:    0/2981         done                            
Writing inode tables:    0/2981         done                            
Creating journal (262144 blocks): done
Writing superblocks and filesystem accounting information:    0/2981         done

KAIO
Copying  /mnt/ddi/file.dat to /mnt/nvme/nvme0/testfiles/file.dat
Finished copying
Sync'd
Cache dropped
removing /mnt/nvme/nvme0/ioutest/*
Test pid is 455396
wr
wr
wr <<
wr <<
Written
Written
syncd
syncd
FDBD joined cluster.
FDBD joined cluster.
orch pid 457411
Test received trigger for setup...
AsyncFileRead complete
asyncfile.sh: line 56: kill: (457411) - No such process

real	1m31.344s
user	0m1.154s
sys	0m0.702s
asyncfile.sh: line 180: 455394 Killed                  LD_LIBRARY_PATH=${LIB} taskset -c ${CORE} ${FDBSERVER} -C ${CLS} -p auto:${port} --listen_address public ${uring} --datadir=${data_dir}/${port} --logdir=${data_dir}/${port}
asyncfile.sh: line 180: 455396 Killed                  LD_LIBRARY_PATH=${LIB} taskset -c ${CORE} ${FDBSERVER} -C ${CLS} -c test -p auto:${port} --listen_address public ${uring} --datadir=${data_dir}/${port} --logdir=${data_dir}/${port}
asyncfile.sh: line 180: 457408 Killed                  iostat -x 1 -p ${DEV} > ${RESULTS}/iostat_$out
io=io_uring_batch_direct_s=90_pr=32_b=unbuffered_c=uncached_w=0_pc=10r=2.txt
umounting /mnt/nvme/nvme0
Trimming /dev/nvme0n1
mke2fs 1.45.5 (07-Jan-2020)
Creating filesystem with 97677846 4k blocks and 24420352 inodes
Filesystem UUID: 93a16d84-9098-49af-8cd1-b8d7722b7ff9
Superblock backups stored on blocks: 
	32768, 98304, 163840, 229376, 294912, 819200, 884736, 1605632, 2654208, 
	4096000, 7962624, 11239424, 20480000, 23887872, 71663616, 78675968

Allocating group tables:    0/2981         done                            
Writing inode tables:    0/2981 102/2981         done                            
Creating journal (262144 blocks): done
Writing superblocks and filesystem accounting information:    0/2981         done

Copying  /mnt/ddi/file.dat to /mnt/nvme/nvme0/testfiles/file.dat
Finished copying
Sync'd
Cache dropped
removing /mnt/nvme/nvme0/ioutest/*
Test pid is 457965
wr
wr
wr <<
wr <<
Written
Written
syncd
syncd
FDBD joined cluster.
FDBD joined cluster.
orch pid 459986
Test received trigger for setup...
AsyncFileRead complete
asyncfile.sh: line 56: kill: (459986) - No such process

real	1m30.504s
user	0m1.135s
sys	0m0.701s
asyncfile.sh: line 180: 457963 Killed                  LD_LIBRARY_PATH=${LIB} taskset -c ${CORE} ${FDBSERVER} -C ${CLS} -p auto:${port} --listen_address public ${uring} --datadir=${data_dir}/${port} --logdir=${data_dir}/${port}
asyncfile.sh: line 180: 457965 Killed                  LD_LIBRARY_PATH=${LIB} taskset -c ${CORE} ${FDBSERVER} -C ${CLS} -c test -p auto:${port} --listen_address public ${uring} --datadir=${data_dir}/${port} --logdir=${data_dir}/${port}
asyncfile.sh: line 180: 459983 Killed                  iostat -x 1 -p ${DEV} > ${RESULTS}/iostat_$out
io=io_uring_batch_s=90_pr=32_b=unbuffered_c=uncached_w=0_pc=10r=2.txt
umounting /mnt/nvme/nvme0
Trimming /dev/nvme0n1
mke2fs 1.45.5 (07-Jan-2020)
Creating filesystem with 97677846 4k blocks and 24420352 inodes
Filesystem UUID: 75b5e1b7-381e-464b-9037-b75ecfb1ae84
Superblock backups stored on blocks: 
	32768, 98304, 163840, 229376, 294912, 819200, 884736, 1605632, 2654208, 
	4096000, 7962624, 11239424, 20480000, 23887872, 71663616, 78675968

Allocating group tables:    0/2981         done                            
Writing inode tables:    0/2981         done                            
Creating journal (262144 blocks): done
Writing superblocks and filesystem accounting information:    0/2981         done

Copying  /mnt/ddi/file.dat to /mnt/nvme/nvme0/testfiles/file.dat
Finished copying
Sync'd
Cache dropped
removing /mnt/nvme/nvme0/ioutest/*
Test pid is 460484
wr
wr
wr <<
wr <<
Written
Written
syncd
syncd
FDBD joined cluster.
FDBD joined cluster.
Test received trigger for setup...
orch pid 462508
AsyncFileRead complete
asyncfile.sh: line 56: kill: (462508) - No such process

real	1m30.615s
user	0m1.127s
sys	0m0.723s
asyncfile.sh: line 180: 460482 Killed                  LD_LIBRARY_PATH=${LIB} taskset -c ${CORE} ${FDBSERVER} -C ${CLS} -p auto:${port} --listen_address public ${uring} --datadir=${data_dir}/${port} --logdir=${data_dir}/${port}
asyncfile.sh: line 180: 460484 Killed                  LD_LIBRARY_PATH=${LIB} taskset -c ${CORE} ${FDBSERVER} -C ${CLS} -c test -p auto:${port} --listen_address public ${uring} --datadir=${data_dir}/${port} --logdir=${data_dir}/${port}
asyncfile.sh: line 180: 462505 Killed                  iostat -x 1 -p ${DEV} > ${RESULTS}/iostat_$out
io=kaio_s=90_pr=32_b=unbuffered_c=uncached_w=0_pc=10r=2.txt
umounting /mnt/nvme/nvme0
Trimming /dev/nvme0n1
mke2fs 1.45.5 (07-Jan-2020)
Creating filesystem with 97677846 4k blocks and 24420352 inodes
Filesystem UUID: e8ad6773-ad4e-4f23-a070-33bec8919199
Superblock backups stored on blocks: 
	32768, 98304, 163840, 229376, 294912, 819200, 884736, 1605632, 2654208, 
	4096000, 7962624, 11239424, 20480000, 23887872, 71663616, 78675968

Allocating group tables:    0/2981         done                            
Writing inode tables:    0/2981         done                            
Creating journal (262144 blocks): done
Writing superblocks and filesystem accounting information:    0/2981         done

KAIO
Copying  /mnt/ddi/file.dat to /mnt/nvme/nvme0/testfiles/file.dat
Finished copying
Sync'd
Cache dropped
removing /mnt/nvme/nvme0/ioutest/*
Test pid is 463085
wr
wr
wr <<
wr <<
Written
Written
syncd
syncd
FDBD joined cluster.
FDBD joined cluster.
orch pid 465100
Test received trigger for setup...
AsyncFileRead complete
asyncfile.sh: line 56: kill: (465100) - No such process

real	1m31.371s
user	0m1.117s
sys	0m0.760s
asyncfile.sh: line 180: 463083 Killed                  LD_LIBRARY_PATH=${LIB} taskset -c ${CORE} ${FDBSERVER} -C ${CLS} -p auto:${port} --listen_address public ${uring} --datadir=${data_dir}/${port} --logdir=${data_dir}/${port}
asyncfile.sh: line 180: 463085 Killed                  LD_LIBRARY_PATH=${LIB} taskset -c ${CORE} ${FDBSERVER} -C ${CLS} -c test -p auto:${port} --listen_address public ${uring} --datadir=${data_dir}/${port} --logdir=${data_dir}/${port}
asyncfile.sh: line 180: 465097 Killed                  iostat -x 1 -p ${DEV} > ${RESULTS}/iostat_$out
io=io_uring_batch_direct_s=90_pr=32_b=unbuffered_c=uncached_w=0.5_pc=10r=2.txt
umounting /mnt/nvme/nvme0
Trimming /dev/nvme0n1
mke2fs 1.45.5 (07-Jan-2020)
Creating filesystem with 97677846 4k blocks and 24420352 inodes
Filesystem UUID: d870f406-85ad-4825-9280-505a8b4eca7e
Superblock backups stored on blocks: 
	32768, 98304, 163840, 229376, 294912, 819200, 884736, 1605632, 2654208, 
	4096000, 7962624, 11239424, 20480000, 23887872, 71663616, 78675968

Allocating group tables:    0/2981         done                            
Writing inode tables:    0/29812758/2981         done                            
Creating journal (262144 blocks): done
Writing superblocks and filesystem accounting information:    0/2981         done

Copying  /mnt/ddi/file.dat to /mnt/nvme/nvme0/testfiles/file.dat
Finished copying
Sync'd
Cache dropped
removing /mnt/nvme/nvme0/ioutest/*
Test pid is 465628
wr
wr
wr <<
wr <<
Written
Written
syncd
syncd
FDBD joined cluster.
FDBD joined cluster.
orch pid 467646
Test received trigger for setup...
AsyncFileRead complete
asyncfile.sh: line 56: kill: (467646) - No such process

real	1m31.301s
user	0m1.141s
sys	0m0.730s
asyncfile.sh: line 180: 465626 Killed                  LD_LIBRARY_PATH=${LIB} taskset -c ${CORE} ${FDBSERVER} -C ${CLS} -p auto:${port} --listen_address public ${uring} --datadir=${data_dir}/${port} --logdir=${data_dir}/${port}
asyncfile.sh: line 180: 465628 Killed                  LD_LIBRARY_PATH=${LIB} taskset -c ${CORE} ${FDBSERVER} -C ${CLS} -c test -p auto:${port} --listen_address public ${uring} --datadir=${data_dir}/${port} --logdir=${data_dir}/${port}
asyncfile.sh: line 180: 467643 Killed                  iostat -x 1 -p ${DEV} > ${RESULTS}/iostat_$out
io=io_uring_batch_s=90_pr=32_b=unbuffered_c=uncached_w=0.5_pc=10r=2.txt
umounting /mnt/nvme/nvme0
Trimming /dev/nvme0n1
mke2fs 1.45.5 (07-Jan-2020)
Creating filesystem with 97677846 4k blocks and 24420352 inodes
Filesystem UUID: 4de04ed8-7b86-43b3-a4f0-427beec051c9
Superblock backups stored on blocks: 
	32768, 98304, 163840, 229376, 294912, 819200, 884736, 1605632, 2654208, 
	4096000, 7962624, 11239424, 20480000, 23887872, 71663616, 78675968

Allocating group tables:    0/2981         done                            
Writing inode tables:    0/2981         done                            
Creating journal (262144 blocks): done
Writing superblocks and filesystem accounting information:    0/2981         done

Copying  /mnt/ddi/file.dat to /mnt/nvme/nvme0/testfiles/file.dat
Finished copying
Sync'd
Cache dropped
removing /mnt/nvme/nvme0/ioutest/*
Test pid is 468155
wr
wr
wr <<
wr <<
Written
Written
syncd
syncd
FDBD joined cluster.
FDBD joined cluster.
orch pid 470173
Test received trigger for setup...
AsyncFileRead complete
asyncfile.sh: line 56: kill: (470173) - No such process

real	1m31.452s
user	0m1.127s
sys	0m0.738s
asyncfile.sh: line 180: 468153 Killed                  LD_LIBRARY_PATH=${LIB} taskset -c ${CORE} ${FDBSERVER} -C ${CLS} -p auto:${port} --listen_address public ${uring} --datadir=${data_dir}/${port} --logdir=${data_dir}/${port}
asyncfile.sh: line 180: 468155 Killed                  LD_LIBRARY_PATH=${LIB} taskset -c ${CORE} ${FDBSERVER} -C ${CLS} -c test -p auto:${port} --listen_address public ${uring} --datadir=${data_dir}/${port} --logdir=${data_dir}/${port}
asyncfile.sh: line 180: 470170 Killed                  iostat -x 1 -p ${DEV} > ${RESULTS}/iostat_$out
io=kaio_s=90_pr=32_b=unbuffered_c=uncached_w=0.5_pc=10r=2.txt
umounting /mnt/nvme/nvme0
Trimming /dev/nvme0n1
mke2fs 1.45.5 (07-Jan-2020)
Creating filesystem with 97677846 4k blocks and 24420352 inodes
Filesystem UUID: e50ffaab-e9fb-46be-b83a-c5c3d2023f6c
Superblock backups stored on blocks: 
	32768, 98304, 163840, 229376, 294912, 819200, 884736, 1605632, 2654208, 
	4096000, 7962624, 11239424, 20480000, 23887872, 71663616, 78675968

Allocating group tables:    0/2981         done                            
Writing inode tables:    0/29811381/2981         done                            
Creating journal (262144 blocks): done
Writing superblocks and filesystem accounting information:    0/2981         done

KAIO
Copying  /mnt/ddi/file.dat to /mnt/nvme/nvme0/testfiles/file.dat
Finished copying
Sync'd
Cache dropped
removing /mnt/nvme/nvme0/ioutest/*
Test pid is 470777
wr
wr
wr <<
wr <<
Written
Written
syncd
syncd
FDBD joined cluster.
FDBD joined cluster.
orch pid 472792
Test received trigger for setup...
AsyncFileRead complete
asyncfile.sh: line 56: kill: (472792) - No such process

real	1m31.411s
user	0m1.110s
sys	0m0.754s
asyncfile.sh: line 180: 470775 Killed                  LD_LIBRARY_PATH=${LIB} taskset -c ${CORE} ${FDBSERVER} -C ${CLS} -p auto:${port} --listen_address public ${uring} --datadir=${data_dir}/${port} --logdir=${data_dir}/${port}
asyncfile.sh: line 180: 470777 Killed                  LD_LIBRARY_PATH=${LIB} taskset -c ${CORE} ${FDBSERVER} -C ${CLS} -c test -p auto:${port} --listen_address public ${uring} --datadir=${data_dir}/${port} --logdir=${data_dir}/${port}
asyncfile.sh: line 180: 472789 Killed                  iostat -x 1 -p ${DEV} > ${RESULTS}/iostat_$out
io=io_uring_batch_direct_s=90_pr=32_b=unbuffered_c=uncached_w=1_pc=10r=2.txt
umounting /mnt/nvme/nvme0
Trimming /dev/nvme0n1
mke2fs 1.45.5 (07-Jan-2020)
Creating filesystem with 97677846 4k blocks and 24420352 inodes
Filesystem UUID: 71f2cfb7-9a87-4190-8ea2-3c88cf9ad03a
Superblock backups stored on blocks: 
	32768, 98304, 163840, 229376, 294912, 819200, 884736, 1605632, 2654208, 
	4096000, 7962624, 11239424, 20480000, 23887872, 71663616, 78675968

Allocating group tables:    0/29811271/2981         done                            
Writing inode tables:    0/2981         done                            
Creating journal (262144 blocks): done
Writing superblocks and filesystem accounting information:    0/2981         done

Copying  /mnt/ddi/file.dat to /mnt/nvme/nvme0/testfiles/file.dat
Finished copying
Sync'd
Cache dropped
removing /mnt/nvme/nvme0/ioutest/*
Test pid is 473271
wr
wr
wr <<
wr <<
Written
Written
syncd
syncd
FDBD joined cluster.
FDBD joined cluster.
orch pid 475289
Test received trigger for setup...
AsyncFileRead complete
asyncfile.sh: line 56: kill: (475289) - No such process

real	1m31.354s
user	0m1.142s
sys	0m0.730s
asyncfile.sh: line 180: 473269 Killed                  LD_LIBRARY_PATH=${LIB} taskset -c ${CORE} ${FDBSERVER} -C ${CLS} -p auto:${port} --listen_address public ${uring} --datadir=${data_dir}/${port} --logdir=${data_dir}/${port}
asyncfile.sh: line 180: 473271 Killed                  LD_LIBRARY_PATH=${LIB} taskset -c ${CORE} ${FDBSERVER} -C ${CLS} -c test -p auto:${port} --listen_address public ${uring} --datadir=${data_dir}/${port} --logdir=${data_dir}/${port}
asyncfile.sh: line 180: 475286 Killed                  iostat -x 1 -p ${DEV} > ${RESULTS}/iostat_$out
io=io_uring_batch_s=90_pr=32_b=unbuffered_c=uncached_w=1_pc=10r=2.txt
umounting /mnt/nvme/nvme0
Trimming /dev/nvme0n1
mke2fs 1.45.5 (07-Jan-2020)
Creating filesystem with 97677846 4k blocks and 24420352 inodes
Filesystem UUID: d5953b92-9d7c-4723-91de-b81de4818c2f
Superblock backups stored on blocks: 
	32768, 98304, 163840, 229376, 294912, 819200, 884736, 1605632, 2654208, 
	4096000, 7962624, 11239424, 20480000, 23887872, 71663616, 78675968

Allocating group tables:    0/2981         done                            
Writing inode tables:    0/29812166/2981         done                            
Creating journal (262144 blocks): done
Writing superblocks and filesystem accounting information:    0/2981         done

Copying  /mnt/ddi/file.dat to /mnt/nvme/nvme0/testfiles/file.dat
Finished copying
Sync'd
Cache dropped
removing /mnt/nvme/nvme0/ioutest/*
Test pid is 475843
wr
wr
wr <<
wr <<
Written
Written
syncd
syncd
FDBD joined cluster.
FDBD joined cluster.
orch pid 477860
Test received trigger for setup...
AsyncFileRead complete
asyncfile.sh: line 56: kill: (477860) - No such process

real	1m31.360s
user	0m1.139s
sys	0m0.737s
asyncfile.sh: line 180: 475841 Killed                  LD_LIBRARY_PATH=${LIB} taskset -c ${CORE} ${FDBSERVER} -C ${CLS} -p auto:${port} --listen_address public ${uring} --datadir=${data_dir}/${port} --logdir=${data_dir}/${port}
asyncfile.sh: line 180: 475843 Killed                  LD_LIBRARY_PATH=${LIB} taskset -c ${CORE} ${FDBSERVER} -C ${CLS} -c test -p auto:${port} --listen_address public ${uring} --datadir=${data_dir}/${port} --logdir=${data_dir}/${port}
asyncfile.sh: line 180: 477857 Killed                  iostat -x 1 -p ${DEV} > ${RESULTS}/iostat_$out
io=kaio_s=90_pr=32_b=unbuffered_c=uncached_w=1_pc=10r=2.txt
umounting /mnt/nvme/nvme0
Trimming /dev/nvme0n1
mke2fs 1.45.5 (07-Jan-2020)
Creating filesystem with 97677846 4k blocks and 24420352 inodes
Filesystem UUID: f0bc64a7-9dd1-411d-ab24-dbf281abdea8
Superblock backups stored on blocks: 
	32768, 98304, 163840, 229376, 294912, 819200, 884736, 1605632, 2654208, 
	4096000, 7962624, 11239424, 20480000, 23887872, 71663616, 78675968

Allocating group tables:    0/2981         done                            
Writing inode tables:    0/2981 933/2981         done                            
Creating journal (262144 blocks): done
Writing superblocks and filesystem accounting information:    0/2981         done

KAIO
Copying  /mnt/ddi/file.dat to /mnt/nvme/nvme0/testfiles/file.dat
Finished copying
Sync'd
Cache dropped
removing /mnt/nvme/nvme0/ioutest/*
Test pid is 478378
wr
wr
wr <<
wr <<
Written
Written
syncd
syncd
FDBD joined cluster.
FDBD joined cluster.
orch pid 480393
Test received trigger for setup...
AsyncFileRead complete
asyncfile.sh: line 56: kill: (480393) - No such process

real	1m31.442s
user	0m1.128s
sys	0m0.753s
asyncfile.sh: line 180: 478376 Killed                  LD_LIBRARY_PATH=${LIB} taskset -c ${CORE} ${FDBSERVER} -C ${CLS} -p auto:${port} --listen_address public ${uring} --datadir=${data_dir}/${port} --logdir=${data_dir}/${port}
asyncfile.sh: line 180: 478378 Killed                  LD_LIBRARY_PATH=${LIB} taskset -c ${CORE} ${FDBSERVER} -C ${CLS} -c test -p auto:${port} --listen_address public ${uring} --datadir=${data_dir}/${port} --logdir=${data_dir}/${port}
asyncfile.sh: line 180: 480390 Killed                  iostat -x 1 -p ${DEV} > ${RESULTS}/iostat_$out
io=io_uring_batch_direct_s=90_pr=64_b=unbuffered_c=uncached_w=0_pc=10r=2.txt
umounting /mnt/nvme/nvme0
Trimming /dev/nvme0n1
mke2fs 1.45.5 (07-Jan-2020)
Creating filesystem with 97677846 4k blocks and 24420352 inodes
Filesystem UUID: c923b38d-d08a-491a-9f62-11753263a55d
Superblock backups stored on blocks: 
	32768, 98304, 163840, 229376, 294912, 819200, 884736, 1605632, 2654208, 
	4096000, 7962624, 11239424, 20480000, 23887872, 71663616, 78675968

Allocating group tables:    0/2981         done                            
Writing inode tables:    0/29812133/2981         done                            
Creating journal (262144 blocks): done
Writing superblocks and filesystem accounting information:    0/2981         done

Copying  /mnt/ddi/file.dat to /mnt/nvme/nvme0/testfiles/file.dat
Finished copying
Sync'd
Cache dropped
removing /mnt/nvme/nvme0/ioutest/*
Test pid is 480916
wr
wr
wr <<
wr <<
Written
Written
syncd
syncd
FDBD joined cluster.
FDBD joined cluster.
Test received trigger for setup...
orch pid 482939
AsyncFileRead complete
asyncfile.sh: line 56: kill: (482939) - No such process

real	1m30.714s
user	0m1.096s
sys	0m0.752s
asyncfile.sh: line 180: 480914 Killed                  LD_LIBRARY_PATH=${LIB} taskset -c ${CORE} ${FDBSERVER} -C ${CLS} -p auto:${port} --listen_address public ${uring} --datadir=${data_dir}/${port} --logdir=${data_dir}/${port}
asyncfile.sh: line 180: 480916 Killed                  LD_LIBRARY_PATH=${LIB} taskset -c ${CORE} ${FDBSERVER} -C ${CLS} -c test -p auto:${port} --listen_address public ${uring} --datadir=${data_dir}/${port} --logdir=${data_dir}/${port}
asyncfile.sh: line 180: 482936 Killed                  iostat -x 1 -p ${DEV} > ${RESULTS}/iostat_$out
io=io_uring_batch_s=90_pr=64_b=unbuffered_c=uncached_w=0_pc=10r=2.txt
umounting /mnt/nvme/nvme0
Trimming /dev/nvme0n1
mke2fs 1.45.5 (07-Jan-2020)
Creating filesystem with 97677846 4k blocks and 24420352 inodes
Filesystem UUID: 5dabcc4b-77de-465f-872b-e56053494db2
Superblock backups stored on blocks: 
	32768, 98304, 163840, 229376, 294912, 819200, 884736, 1605632, 2654208, 
	4096000, 7962624, 11239424, 20480000, 23887872, 71663616, 78675968

Allocating group tables:    0/2981         done                            
Writing inode tables:    0/2981         done                            
Creating journal (262144 blocks): done
Writing superblocks and filesystem accounting information:    0/2981         done

Copying  /mnt/ddi/file.dat to /mnt/nvme/nvme0/testfiles/file.dat
Finished copying
Sync'd
Cache dropped
removing /mnt/nvme/nvme0/ioutest/*
Test pid is 483464
wr
wr
wr <<
wr <<
Written
Written
syncd
syncd
FDBD joined cluster.
FDBD joined cluster.
orch pid 485480
Test received trigger for setup...
AsyncFileRead complete
asyncfile.sh: line 56: kill: (485480) - No such process

real	1m31.511s
user	0m1.126s
sys	0m0.763s
asyncfile.sh: line 180: 483462 Killed                  LD_LIBRARY_PATH=${LIB} taskset -c ${CORE} ${FDBSERVER} -C ${CLS} -p auto:${port} --listen_address public ${uring} --datadir=${data_dir}/${port} --logdir=${data_dir}/${port}
asyncfile.sh: line 180: 483464 Killed                  LD_LIBRARY_PATH=${LIB} taskset -c ${CORE} ${FDBSERVER} -C ${CLS} -c test -p auto:${port} --listen_address public ${uring} --datadir=${data_dir}/${port} --logdir=${data_dir}/${port}
asyncfile.sh: line 180: 485477 Killed                  iostat -x 1 -p ${DEV} > ${RESULTS}/iostat_$out
io=kaio_s=90_pr=64_b=unbuffered_c=uncached_w=0_pc=10r=2.txt
umounting /mnt/nvme/nvme0
Trimming /dev/nvme0n1
mke2fs 1.45.5 (07-Jan-2020)
Creating filesystem with 97677846 4k blocks and 24420352 inodes
Filesystem UUID: 53fddc71-d82c-4754-82e1-7f4336095243
Superblock backups stored on blocks: 
	32768, 98304, 163840, 229376, 294912, 819200, 884736, 1605632, 2654208, 
	4096000, 7962624, 11239424, 20480000, 23887872, 71663616, 78675968

Allocating group tables:    0/2981         done                            
Writing inode tables:    0/2981         done                            
Creating journal (262144 blocks): done
Writing superblocks and filesystem accounting information:    0/2981         done

KAIO
Copying  /mnt/ddi/file.dat to /mnt/nvme/nvme0/testfiles/file.dat
Finished copying
Sync'd
Cache dropped
removing /mnt/nvme/nvme0/ioutest/*
Test pid is 486076
wr
wr
wr <<
wr <<
Written
Written
syncd
syncd
FDBD joined cluster.
FDBD joined cluster.
Test received trigger for setup...
orch pid 488091
AsyncFileRead complete
asyncfile.sh: line 56: kill: (488091) - No such process

real	1m30.539s
user	0m1.115s
sys	0m0.740s
asyncfile.sh: line 180: 486074 Killed                  LD_LIBRARY_PATH=${LIB} taskset -c ${CORE} ${FDBSERVER} -C ${CLS} -p auto:${port} --listen_address public ${uring} --datadir=${data_dir}/${port} --logdir=${data_dir}/${port}
asyncfile.sh: line 180: 486076 Killed                  LD_LIBRARY_PATH=${LIB} taskset -c ${CORE} ${FDBSERVER} -C ${CLS} -c test -p auto:${port} --listen_address public ${uring} --datadir=${data_dir}/${port} --logdir=${data_dir}/${port}
asyncfile.sh: line 180: 488088 Killed                  iostat -x 1 -p ${DEV} > ${RESULTS}/iostat_$out
io=io_uring_batch_direct_s=90_pr=64_b=unbuffered_c=uncached_w=0.5_pc=10r=2.txt
umounting /mnt/nvme/nvme0
Trimming /dev/nvme0n1
mke2fs 1.45.5 (07-Jan-2020)
Creating filesystem with 97677846 4k blocks and 24420352 inodes
Filesystem UUID: 177e982c-88c6-4081-8b59-cf8fdec25684
Superblock backups stored on blocks: 
	32768, 98304, 163840, 229376, 294912, 819200, 884736, 1605632, 2654208, 
	4096000, 7962624, 11239424, 20480000, 23887872, 71663616, 78675968

Allocating group tables:    0/2981         done                            
Writing inode tables:    0/2981         done                            
Creating journal (262144 blocks): done
Writing superblocks and filesystem accounting information:    0/2981         done

Copying  /mnt/ddi/file.dat to /mnt/nvme/nvme0/testfiles/file.dat
Finished copying
Sync'd
Cache dropped
removing /mnt/nvme/nvme0/ioutest/*
Test pid is 488567
wr
wr
wr <<
wr <<
Written
Written
syncd
syncd
FDBD joined cluster.
FDBD joined cluster.
orch pid 490586
Test received trigger for setup...
AsyncFileRead complete
asyncfile.sh: line 56: kill: (490586) - No such process

real	1m31.380s
user	0m1.164s
sys	0m0.731s
asyncfile.sh: line 180: 488565 Killed                  LD_LIBRARY_PATH=${LIB} taskset -c ${CORE} ${FDBSERVER} -C ${CLS} -p auto:${port} --listen_address public ${uring} --datadir=${data_dir}/${port} --logdir=${data_dir}/${port}
asyncfile.sh: line 180: 488567 Killed                  LD_LIBRARY_PATH=${LIB} taskset -c ${CORE} ${FDBSERVER} -C ${CLS} -c test -p auto:${port} --listen_address public ${uring} --datadir=${data_dir}/${port} --logdir=${data_dir}/${port}
asyncfile.sh: line 180: 490583 Killed                  iostat -x 1 -p ${DEV} > ${RESULTS}/iostat_$out
io=io_uring_batch_s=90_pr=64_b=unbuffered_c=uncached_w=0.5_pc=10r=2.txt
umounting /mnt/nvme/nvme0
Trimming /dev/nvme0n1
mke2fs 1.45.5 (07-Jan-2020)
Creating filesystem with 97677846 4k blocks and 24420352 inodes
Filesystem UUID: 584c386d-0024-4806-a19c-8718d6d75513
Superblock backups stored on blocks: 
	32768, 98304, 163840, 229376, 294912, 819200, 884736, 1605632, 2654208, 
	4096000, 7962624, 11239424, 20480000, 23887872, 71663616, 78675968

Allocating group tables:    0/2981         done                            
Writing inode tables:    0/2981 538/2981         done                            
Creating journal (262144 blocks): done
Writing superblocks and filesystem accounting information:    0/2981         done

Copying  /mnt/ddi/file.dat to /mnt/nvme/nvme0/testfiles/file.dat
Finished copying
Sync'd
Cache dropped
removing /mnt/nvme/nvme0/ioutest/*
Test pid is 491222
wr
wr
wr <<
wr <<
Written
Written
syncd
syncd
FDBD joined cluster.
FDBD joined cluster.
orch pid 493242
Test received trigger for setup...
AsyncFileRead complete
asyncfile.sh: line 56: kill: (493242) - No such process

real	1m31.406s
user	0m1.150s
sys	0m0.724s
asyncfile.sh: line 180: 491220 Killed                  LD_LIBRARY_PATH=${LIB} taskset -c ${CORE} ${FDBSERVER} -C ${CLS} -p auto:${port} --listen_address public ${uring} --datadir=${data_dir}/${port} --logdir=${data_dir}/${port}
asyncfile.sh: line 180: 491222 Killed                  LD_LIBRARY_PATH=${LIB} taskset -c ${CORE} ${FDBSERVER} -C ${CLS} -c test -p auto:${port} --listen_address public ${uring} --datadir=${data_dir}/${port} --logdir=${data_dir}/${port}
asyncfile.sh: line 180: 493239 Killed                  iostat -x 1 -p ${DEV} > ${RESULTS}/iostat_$out
io=kaio_s=90_pr=64_b=unbuffered_c=uncached_w=0.5_pc=10r=2.txt
umounting /mnt/nvme/nvme0
Trimming /dev/nvme0n1
mke2fs 1.45.5 (07-Jan-2020)
Creating filesystem with 97677846 4k blocks and 24420352 inodes
Filesystem UUID: f72aa30e-21a1-4385-80b1-b704b4c414cb
Superblock backups stored on blocks: 
	32768, 98304, 163840, 229376, 294912, 819200, 884736, 1605632, 2654208, 
	4096000, 7962624, 11239424, 20480000, 23887872, 71663616, 78675968

Allocating group tables:    0/2981         done                            
Writing inode tables:    0/29812163/2981         done                            
Creating journal (262144 blocks): done
Writing superblocks and filesystem accounting information:    0/2981         done

KAIO
Copying  /mnt/ddi/file.dat to /mnt/nvme/nvme0/testfiles/file.dat
Finished copying
Sync'd
Cache dropped
removing /mnt/nvme/nvme0/ioutest/*
Test pid is 493725
wr
wr
wr <<
wr <<
Written
Written
syncd
syncd
FDBD joined cluster.
FDBD joined cluster.
orch pid 495744
Test received trigger for setup...
AsyncFileRead complete
asyncfile.sh: line 56: kill: (495744) - No such process

real	1m31.436s
user	0m1.154s
sys	0m0.732s
asyncfile.sh: line 180: 493723 Killed                  LD_LIBRARY_PATH=${LIB} taskset -c ${CORE} ${FDBSERVER} -C ${CLS} -p auto:${port} --listen_address public ${uring} --datadir=${data_dir}/${port} --logdir=${data_dir}/${port}
asyncfile.sh: line 180: 493725 Killed                  LD_LIBRARY_PATH=${LIB} taskset -c ${CORE} ${FDBSERVER} -C ${CLS} -c test -p auto:${port} --listen_address public ${uring} --datadir=${data_dir}/${port} --logdir=${data_dir}/${port}
asyncfile.sh: line 180: 495741 Killed                  iostat -x 1 -p ${DEV} > ${RESULTS}/iostat_$out
io=io_uring_batch_direct_s=90_pr=64_b=unbuffered_c=uncached_w=1_pc=10r=2.txt
umounting /mnt/nvme/nvme0
Trimming /dev/nvme0n1
mke2fs 1.45.5 (07-Jan-2020)
Creating filesystem with 97677846 4k blocks and 24420352 inodes
Filesystem UUID: e3e8ee2d-267a-46ae-bcee-8c3354df1d24
Superblock backups stored on blocks: 
	32768, 98304, 163840, 229376, 294912, 819200, 884736, 1605632, 2654208, 
	4096000, 7962624, 11239424, 20480000, 23887872, 71663616, 78675968

Allocating group tables:    0/2981         done                            
Writing inode tables:    0/2981 618/2981         done                            
Creating journal (262144 blocks): done
Writing superblocks and filesystem accounting information:    0/2981         done

Copying  /mnt/ddi/file.dat to /mnt/nvme/nvme0/testfiles/file.dat
Finished copying
Sync'd
Cache dropped
removing /mnt/nvme/nvme0/ioutest/*
Test pid is 496311
wr
wr
wr <<
wr <<
Written
Written
syncd
syncd
FDBD joined cluster.
FDBD joined cluster.
Test received trigger for setup...
orch pid 498326
AsyncFileRead complete
asyncfile.sh: line 56: kill: (498326) - No such process

real	1m30.501s
user	0m1.132s
sys	0m0.716s
asyncfile.sh: line 180: 496309 Killed                  LD_LIBRARY_PATH=${LIB} taskset -c ${CORE} ${FDBSERVER} -C ${CLS} -p auto:${port} --listen_address public ${uring} --datadir=${data_dir}/${port} --logdir=${data_dir}/${port}
asyncfile.sh: line 180: 496311 Killed                  LD_LIBRARY_PATH=${LIB} taskset -c ${CORE} ${FDBSERVER} -C ${CLS} -c test -p auto:${port} --listen_address public ${uring} --datadir=${data_dir}/${port} --logdir=${data_dir}/${port}
asyncfile.sh: line 180: 498323 Killed                  iostat -x 1 -p ${DEV} > ${RESULTS}/iostat_$out
io=io_uring_batch_s=90_pr=64_b=unbuffered_c=uncached_w=1_pc=10r=2.txt
umounting /mnt/nvme/nvme0
Trimming /dev/nvme0n1
mke2fs 1.45.5 (07-Jan-2020)
Creating filesystem with 97677846 4k blocks and 24420352 inodes
Filesystem UUID: b218e6f9-ef32-43d1-a6a7-76b62d241a53
Superblock backups stored on blocks: 
	32768, 98304, 163840, 229376, 294912, 819200, 884736, 1605632, 2654208, 
	4096000, 7962624, 11239424, 20480000, 23887872, 71663616, 78675968

Allocating group tables:    0/2981         done                            
Writing inode tables:    0/29812029/2981         done                            
Creating journal (262144 blocks): done
Writing superblocks and filesystem accounting information:    0/2981         done

Copying  /mnt/ddi/file.dat to /mnt/nvme/nvme0/testfiles/file.dat
Finished copying
Sync'd
Cache dropped
removing /mnt/nvme/nvme0/ioutest/*
Test pid is 498843
wr
wr
wr <<
wr <<
Written
Written
syncd
syncd
FDBD joined cluster.
FDBD joined cluster.
orch pid 500858
Test received trigger for setup...
AsyncFileRead complete
asyncfile.sh: line 56: kill: (500858) - No such process

real	1m31.373s
user	0m1.132s
sys	0m0.744s
asyncfile.sh: line 180: 498841 Killed                  LD_LIBRARY_PATH=${LIB} taskset -c ${CORE} ${FDBSERVER} -C ${CLS} -p auto:${port} --listen_address public ${uring} --datadir=${data_dir}/${port} --logdir=${data_dir}/${port}
asyncfile.sh: line 180: 498843 Killed                  LD_LIBRARY_PATH=${LIB} taskset -c ${CORE} ${FDBSERVER} -C ${CLS} -c test -p auto:${port} --listen_address public ${uring} --datadir=${data_dir}/${port} --logdir=${data_dir}/${port}
asyncfile.sh: line 180: 500855 Killed                  iostat -x 1 -p ${DEV} > ${RESULTS}/iostat_$out
io=kaio_s=90_pr=64_b=unbuffered_c=uncached_w=1_pc=10r=2.txt
umounting /mnt/nvme/nvme0
Trimming /dev/nvme0n1
mke2fs 1.45.5 (07-Jan-2020)
Creating filesystem with 97677846 4k blocks and 24420352 inodes
Filesystem UUID: 219fb8f5-aecc-4c7d-b59a-ed480c5d33be
Superblock backups stored on blocks: 
	32768, 98304, 163840, 229376, 294912, 819200, 884736, 1605632, 2654208, 
	4096000, 7962624, 11239424, 20480000, 23887872, 71663616, 78675968

Allocating group tables:    0/2981         done                            
Writing inode tables:    0/29811159/2981         done                            
Creating journal (262144 blocks): done
Writing superblocks and filesystem accounting information:    0/2981         done

KAIO
Copying  /mnt/ddi/file.dat to /mnt/nvme/nvme0/testfiles/file.dat
Finished copying
Sync'd
Cache dropped
removing /mnt/nvme/nvme0/ioutest/*
Test pid is 501406
wr
wr
wr <<
wr <<
Written
Written
syncd
syncd
FDBD joined cluster.
FDBD joined cluster.
orch pid 503427
Test received trigger for setup...
AsyncFileRead complete
asyncfile.sh: line 56: kill: (503427) - No such process

real	1m31.398s
user	0m1.145s
sys	0m0.732s
asyncfile.sh: line 180: 501404 Killed                  LD_LIBRARY_PATH=${LIB} taskset -c ${CORE} ${FDBSERVER} -C ${CLS} -p auto:${port} --listen_address public ${uring} --datadir=${data_dir}/${port} --logdir=${data_dir}/${port}
asyncfile.sh: line 180: 501406 Killed                  LD_LIBRARY_PATH=${LIB} taskset -c ${CORE} ${FDBSERVER} -C ${CLS} -c test -p auto:${port} --listen_address public ${uring} --datadir=${data_dir}/${port} --logdir=${data_dir}/${port}
asyncfile.sh: line 180: 503424 Killed                  iostat -x 1 -p ${DEV} > ${RESULTS}/iostat_$out
io=io_uring_batch_direct_s=90_pr=1_b=unbuffered_c=uncached_w=0_pc=10r=3.txt
umounting /mnt/nvme/nvme0
Trimming /dev/nvme0n1
mke2fs 1.45.5 (07-Jan-2020)
Creating filesystem with 97677846 4k blocks and 24420352 inodes
Filesystem UUID: 49eba8e9-a6fc-4042-b708-1e1f9cedd163
Superblock backups stored on blocks: 
	32768, 98304, 163840, 229376, 294912, 819200, 884736, 1605632, 2654208, 
	4096000, 7962624, 11239424, 20480000, 23887872, 71663616, 78675968

Allocating group tables:    0/2981         done                            
Writing inode tables:    0/29811653/2981         done                            
Creating journal (262144 blocks): done
Writing superblocks and filesystem accounting information:    0/2981         done

Copying  /mnt/ddi/file.dat to /mnt/nvme/nvme0/testfiles/file.dat
Finished copying
Sync'd
Cache dropped
removing /mnt/nvme/nvme0/ioutest/*
Test pid is 503937
wr
wr
wr <<
wr <<
Written
Written
syncd
syncd
FDBD joined cluster.
FDBD joined cluster.
orch pid 505955
Test received trigger for setup...
AsyncFileRead complete
asyncfile.sh: line 56: kill: (505955) - No such process

real	1m31.564s
user	0m1.115s
sys	0m0.768s
asyncfile.sh: line 180: 503935 Killed                  LD_LIBRARY_PATH=${LIB} taskset -c ${CORE} ${FDBSERVER} -C ${CLS} -p auto:${port} --listen_address public ${uring} --datadir=${data_dir}/${port} --logdir=${data_dir}/${port}
asyncfile.sh: line 180: 503937 Killed                  LD_LIBRARY_PATH=${LIB} taskset -c ${CORE} ${FDBSERVER} -C ${CLS} -c test -p auto:${port} --listen_address public ${uring} --datadir=${data_dir}/${port} --logdir=${data_dir}/${port}
asyncfile.sh: line 180: 505952 Killed                  iostat -x 1 -p ${DEV} > ${RESULTS}/iostat_$out
io=io_uring_batch_s=90_pr=1_b=unbuffered_c=uncached_w=0_pc=10r=3.txt
umounting /mnt/nvme/nvme0
Trimming /dev/nvme0n1
mke2fs 1.45.5 (07-Jan-2020)
Creating filesystem with 97677846 4k blocks and 24420352 inodes
Filesystem UUID: 701889bc-babf-4953-90a8-663a190c1804
Superblock backups stored on blocks: 
	32768, 98304, 163840, 229376, 294912, 819200, 884736, 1605632, 2654208, 
	4096000, 7962624, 11239424, 20480000, 23887872, 71663616, 78675968

Allocating group tables:    0/2981         done                            
Writing inode tables:    0/2981 383/2981         done                            
Creating journal (262144 blocks): done
Writing superblocks and filesystem accounting information:    0/2981         done

Copying  /mnt/ddi/file.dat to /mnt/nvme/nvme0/testfiles/file.dat
Finished copying
Sync'd
Cache dropped
removing /mnt/nvme/nvme0/ioutest/*
Test pid is 506503
wr
wr
wr <<
wr <<
Written
Written
syncd
syncd
FDBD joined cluster.
FDBD joined cluster.
orch pid 508518
Test received trigger for setup...
AsyncFileRead complete
asyncfile.sh: line 56: kill: (508518) - No such process

real	1m31.425s
user	0m1.149s
sys	0m0.739s
asyncfile.sh: line 180: 506501 Killed                  LD_LIBRARY_PATH=${LIB} taskset -c ${CORE} ${FDBSERVER} -C ${CLS} -p auto:${port} --listen_address public ${uring} --datadir=${data_dir}/${port} --logdir=${data_dir}/${port}
asyncfile.sh: line 180: 506503 Killed                  LD_LIBRARY_PATH=${LIB} taskset -c ${CORE} ${FDBSERVER} -C ${CLS} -c test -p auto:${port} --listen_address public ${uring} --datadir=${data_dir}/${port} --logdir=${data_dir}/${port}
asyncfile.sh: line 180: 508515 Killed                  iostat -x 1 -p ${DEV} > ${RESULTS}/iostat_$out
io=kaio_s=90_pr=1_b=unbuffered_c=uncached_w=0_pc=10r=3.txt
umounting /mnt/nvme/nvme0
Trimming /dev/nvme0n1
mke2fs 1.45.5 (07-Jan-2020)
Creating filesystem with 97677846 4k blocks and 24420352 inodes
Filesystem UUID: 8c47b2df-94b1-4617-9e64-52c16cf7198f
Superblock backups stored on blocks: 
	32768, 98304, 163840, 229376, 294912, 819200, 884736, 1605632, 2654208, 
	4096000, 7962624, 11239424, 20480000, 23887872, 71663616, 78675968

Allocating group tables:    0/2981         done                            
Writing inode tables:    0/2981 574/2981         done                            
Creating journal (262144 blocks): done
Writing superblocks and filesystem accounting information:    0/2981         done

KAIO
Copying  /mnt/ddi/file.dat to /mnt/nvme/nvme0/testfiles/file.dat
Finished copying
Sync'd
Cache dropped
